-----------------------------------------------------------------
[2504] 2025/04/19 21:39:50.102 OnReplyMessage, ID: R124457999 , Msg: SKReplyLib_OnReplyMessage:Announcement callback.
[2504] 2025/04/19 21:40:01.459 SKReplyLib_ConnectByID( R124457999 )
[2504] 2025/04/19 21:40:01.459 ID-R124457999 Connecting...RequestAll of Reply 0
[2504] 2025/04/19 21:40:01.773 >> Host srvsolace-bq.capital.com.tw
[2504] 2025/04/19 21:40:02.133 After Precheck status:0 取得回報連線資訊
[2504] 2025/04/19 21:40:02.190 OnSessionConnect，Code: 3001, Error Code:0.
[2504] 2025/04/19 21:40:02.207 GetFutureOrderID
[2504] 2025/04/19 21:40:02.209 SKReplyLib_ConnectByID Solace 
[2504] 2025/04/19 21:40:02.223 OnSolaceReplyConnection, ID: R124457999 , Code: 0
[2504] 2025/04/19 21:40:02.380 [S11] Done
[2504] 2025/04/19 21:40:02.458 Market:R1 Status:2
[2504] 2025/04/19 21:40:02.489 reset:R1/R124457999/P
[2504] 2025/04/19 21:40:02.489 reset:R1/R124457999/O
[2504] 2025/04/19 21:40:02.489 reset:R1/R124457999/D
[2504] 2025/04/19 21:40:02.564 reset:R1/R124457999/P
[2504] 2025/04/19 21:40:02.564 reset:R1/R124457999/O
[2504] 2025/04/19 21:40:02.564 reset:R1/R124457999/D
[2504] 2025/04/19 21:40:02.565 Market:R3 Status:2
[2504] 2025/04/19 21:40:02.588 reset:R3/R124457999/P
[2504] 2025/04/19 21:40:02.588 reset:R3/R124457999/O
[2504] 2025/04/19 21:40:02.588 reset:R3/R124457999/D
[2504] 2025/04/19 21:40:02.677 reset:R3/R124457999/O
[2504] 2025/04/19 21:40:02.677 reset:R3/R124457999/D
[2504] 2025/04/19 21:40:02.677 reset:R3/R124457999/P
[2504] 2025/04/19 21:40:02.677 Market:R24 Status:2
[2504] 2025/04/19 21:40:02.695 reset:R24/R124457999/S
[2504] 2025/04/19 21:40:02.811 reset:R24/R124457999/S
[2504] 2025/04/19 21:40:02.811 Market:R27 Status:2
[2504] 2025/04/19 21:40:02.899 reset:R27/R124457999/S
[2504] 2025/04/19 21:40:02.985 reset:R27/R124457999/S
[2504] 2025/04/19 21:40:02.986 Market:R2 Status:2
[2504] 2025/04/19 21:40:03.012 reset:R2/R124457999/P
[2504] 2025/04/19 21:40:03.012 reset:R2/R124457999/O
[2504] 2025/04/19 21:40:03.012 reset:R2/R124457999/D
[2504] 2025/04/19 21:40:03.110 reset:R2/R124457999/D
[2504] 2025/04/19 21:40:03.110 reset:R2/R124457999/P
[2504] 2025/04/19 21:40:03.110 reset:R2/R124457999/O
[2504] 2025/04/19 21:40:03.110 Market:R4 Status:2
[2504] 2025/04/19 21:40:03.129 reset:R4/R124457999/O
[2504] 2025/04/19 21:40:03.129 reset:R4/R124457999/D
[2504] 2025/04/19 21:40:03.260 reset:R4/R124457999/O
[2504] 2025/04/19 21:40:03.260 reset:R4/R124457999/D
[2504] 2025/04/19 21:40:03.260 Market:R11 Status:2
[2504] 2025/04/19 21:40:03.288 reset:R11/R124457999/P
[2504] 2025/04/19 21:40:03.288 reset:R11/R124457999/O
[2504] 2025/04/19 21:40:03.288 reset:R11/R124457999/D
[2504] 2025/04/19 21:40:03.388 reset:R11/R124457999/D
[2504] 2025/04/19 21:40:03.388 reset:R11/R124457999/P
[2504] 2025/04/19 21:40:03.388 reset:R11/R124457999/O
[2504] 2025/04/19 21:40:03.388 Market:R23 Status:2
[2504] 2025/04/19 21:40:03.405 reset:R23/R124457999/S
[2504] 2025/04/19 21:40:03.496 reset:R23/R124457999/S
[2504] 2025/04/19 21:40:03.496 Market:R25 Status:2
[2504] 2025/04/19 21:40:03.514 reset:R25/R124457999/S
[2504] 2025/04/19 21:40:03.599 reset:R25/R124457999/S
[2504] 2025/04/19 21:40:03.599 [R02]-Start
[2504] 2025/04/19 21:40:03.599 [R02]R1/R124457999/P,R1/R124457999/O,R1/R124457999/D
[2504] 2025/04/19 21:40:03.599 訂完整cache:R1/R124457999/P
[2504] 2025/04/19 21:40:03.601 訂完整cache:R1/R124457999/O
[2504] 2025/04/19 21:40:03.604 訂完整cache:R1/R124457999/D
[2504] 2025/04/19 21:40:03.608 [R02]-End
[2504] 2025/04/19 21:40:03.610 [R02]-Start
[2504] 2025/04/19 21:40:03.610 [R02]R3/R124457999/O,R3/R124457999/D,R3/R124457999/P
[2504] 2025/04/19 21:40:03.610 訂完整cache:R3/R124457999/O
[2504] 2025/04/19 21:40:03.611 訂完整cache:R3/R124457999/D
[2504] 2025/04/19 21:40:03.613 訂完整cache:R3/R124457999/P
[2504] 2025/04/19 21:40:03.614 [R02]-End
[2504] 2025/04/19 21:40:03.615 [R02]-Start
[2504] 2025/04/19 21:40:03.617 [R02]R24/R124457999/S
[2504] 2025/04/19 21:40:03.617 訂完整cache:R24/R124457999/S
[2504] 2025/04/19 21:40:03.617 [R02]-End
[2504] 2025/04/19 21:40:03.618 [R02]-Start
[2504] 2025/04/19 21:40:03.619 [R02]R27/R124457999/S
[2504] 2025/04/19 21:40:03.619 訂完整cache:R27/R124457999/S
[2504] 2025/04/19 21:40:03.620 [R02]-End
[2504] 2025/04/19 21:40:03.621 [R02]-Start
[2504] 2025/04/19 21:40:03.621 [R02]R2/R124457999/D,R2/R124457999/P,R2/R124457999/O
[2504] 2025/04/19 21:40:03.621 訂完整cache:R2/R124457999/D
[2504] 2025/04/19 21:40:03.622 訂完整cache:R2/R124457999/P
[2504] 2025/04/19 21:40:03.624 訂完整cache:R2/R124457999/O
[2504] 2025/04/19 21:40:03.627 [R02]-End
[2504] 2025/04/19 21:40:03.628 [R02]-Start
[2504] 2025/04/19 21:40:03.628 [R02]R4/R124457999/O,R4/R124457999/D
[2504] 2025/04/19 21:40:03.628 訂完整cache:R4/R124457999/O
[2504] 2025/04/19 21:40:03.630 訂完整cache:R4/R124457999/D
[2504] 2025/04/19 21:40:03.633 [R02]-End
[2504] 2025/04/19 21:40:03.633 [R02]-Start
[2504] 2025/04/19 21:40:03.633 [R02]R11/R124457999/D,R11/R124457999/P,R11/R124457999/O
[2504] 2025/04/19 21:40:03.633 訂完整cache:R11/R124457999/D
[2504] 2025/04/19 21:40:03.634 訂完整cache:R11/R124457999/P
[2504] 2025/04/19 21:40:03.637 訂完整cache:R11/R124457999/O
[2504] 2025/04/19 21:40:03.638 [R02]-End
[2504] 2025/04/19 21:40:03.639 [R02]-Start
[2504] 2025/04/19 21:40:03.640 [R02]R23/R124457999/S
[2504] 2025/04/19 21:40:03.640 訂完整cache:R23/R124457999/S
[2504] 2025/04/19 21:40:03.640 [R02]-End
[2504] 2025/04/19 21:40:03.642 [R02]-Start
[2504] 2025/04/19 21:40:03.642 [R02]R25/R124457999/S
[2504] 2025/04/19 21:40:03.642 訂完整cache:R25/R124457999/S
[2504] 2025/04/19 21:40:03.643 [R02]-End
[2504] 2025/04/19 21:40:03.697 R124457999_OnComplete()
[2504] 2025/04/19 21:40:12.611 SKReplyLib_IsConnectedByID( R124457999 )
[2504] 2025/04/19 21:40:16.923 SKReplyLib_SolaceCloseByID(R124457999) 
[2504] 2025/04/19 21:40:16.924 OnSolaceReplyDisConnect, ID: R124457999 , Code: 3002
