-----------------------------------------------------------------
[12804] 2025/04/28 22:37:05.122 Precheck/DistributedServer Query result is 000,分配成功
[12804] 2025/04/28 22:37:05.123 >> Host srvsolace-tp2.capital.com.tw
[12804] 2025/04/28 22:37:05.472 SKQuoteLib_EnterMonitor IP：srvsolace-tp2.capital.com.tw
[12804] 2025/04/28 22:37:05.522 OnSessionConnect，Code: 3001, Error Code:0.
[12804] 2025/04/28 22:37:05.567 SKQuoteLib_EnterMonitorLONG starting
[12804] 2025/04/28 22:37:05.576 OnConnection ( 3001 , 0 ) 
[12804] 2025/04/28 22:37:05.817 Market Info is OK!
[12804] 2025/04/28 22:37:05.883 Catalog info is OK!
[12804] 2025/04/28 22:37:09.228 Solace RequestInitializeData (TO_S_19,S_1F)
[12804] 2025/04/28 22:37:09.228 Solace RequestInitializeData (TO_S_19,S_1F)
[12804] 2025/04/28 22:37:09.229 OnConnection ( 3003 , 0 ) 
[12804] 2025/04/28 22:37:11.590  SKQuoteLib_RequestTicks ( 2330 , TX00 )
[12804] 2025/04/28 22:37:14.358  SKQuoteLib_RequestTicks ( 2330 , TX00 )
[12804] 2025/04/28 22:37:14.862  SKQuoteLib_RequestTicks ( 2330 , TX00 )
[12804] 2025/04/28 22:37:15.030  SKQuoteLib_RequestTicks ( 2330 , TX00 )
[12804] 2025/04/28 22:37:15.198  SKQuoteLib_RequestTicks ( 2330 , TX00 )
[12804] 2025/04/28 22:37:15.382  SKQuoteLib_RequestTicks ( 2330 , TX00 )
[12804] 2025/04/28 22:37:15.542  SKQuoteLib_RequestTicks ( 2330 , TX00 )
[12804] 2025/04/28 22:37:15.718  SKQuoteLib_RequestTicks ( 2330 , TX00 )
[12804] 2025/04/28 22:37:15.886  SKQuoteLib_RequestTicks ( 2330 , TX00 )
[12804] 2025/04/28 22:37:16.062  SKQuoteLib_RequestTicks ( 2330 , TX00 )
[12804] 2025/04/28 22:37:16.254  SKQuoteLib_RequestTicks ( 2330 , TX00 )
[12804] 2025/04/28 22:37:16.438  SKQuoteLib_RequestTicks ( 2330 , TX00 )
[12804] 2025/04/28 22:37:20.478  SKQuoteLib_RequestTicks ( 2330 , TX00 )
[12804] 2025/04/28 22:37:20.646  SKQuoteLib_RequestTicks ( 2330 , TX00 )
[12804] 2025/04/28 22:37:20.854  SKQuoteLib_RequestTicks ( 2330 , TX00 )
[12804] 2025/04/28 22:37:21.030  SKQuoteLib_RequestTicks ( 2330 , TX00 )
[12804] 2025/04/28 22:37:21.214  SKQuoteLib_RequestTicks ( 2330 , TX00 )
[12804] 2025/04/28 22:37:21.390  SKQuoteLib_RequestTicks ( 2330 , TX00 )
[12804] 2025/04/28 22:37:22.981 SKQuoteLib_EnterMonitorLONG starting
[12804] 2025/04/28 22:37:25.678  SKQuoteLib_RequestTicks ( 2330 , TX00 )
[12804] 2025/04/28 22:37:25.838  SKQuoteLib_RequestTicks ( 2330 , TX00 )
[12804] 2025/04/28 22:37:26.006  SKQuoteLib_RequestTicks ( 2330 , TX00 )
[12804] 2025/04/28 22:37:35.966  SKQuoteLib_RequestTicks ( 0 , 2330 )
[12804] 2025/04/28 22:37:35.966 MarketNo：0 StockIdx：29100
[12804] 2025/04/28 22:37:35.966 Return PageNo： 0 
[12804] 2025/04/28 22:37:36.626 SKQuoteLib_GetBest5LONG ( 0 , 29100 )
