-----------------------------------------------------------------
[4904] 2025/04/21 03:31:42.225 Precheck/DistributedServer Query result is 000,分配成功
[4904] 2025/04/21 03:31:42.225 >> Host srvsolace-bq.capital.com.tw
[4904] 2025/04/21 03:31:42.555 SKQuoteLib_EnterMonitor IP：srvsolace-bq.capital.com.tw
[4904] 2025/04/21 03:31:42.619 OnSessionConnect，Code: 3001, Error Code:0.
[4904] 2025/04/21 03:31:42.633 SKQuoteLib_EnterMonitorLONG starting
[4904] 2025/04/21 03:31:42.635 OnConnection ( 3001 , 0 ) 
[4904] 2025/04/21 03:31:42.868 Market Info is OK!
[4904] 2025/04/21 03:31:42.918 Catalog info is OK!
[4904] 2025/04/21 03:31:45.410 Solace RequestInitializeData (TO_S_19,S_1F)
[4904] 2025/04/21 03:31:45.410 Solace RequestInitializeData (TO_S_19,S_1F)
[4904] 2025/04/21 03:31:45.411 OnConnection ( 3003 , 0 ) 
[4904] 2025/04/21 03:32:13.196 SKQuoteLib_RequestStocks (0 , 2330)
[4904] 2025/04/21 03:32:13.196 Divide StockNo {2330}
[4904] 2025/04/21 03:32:13.196 Add Basket MarketNo：0 StockIdx：34302
[4904] 2025/04/21 03:32:13.196 Return PageNo： 1 
[860] 2025/04/21 04:19:13.700 Precheck/DistributedServer Query result is 000,分配成功
[860] 2025/04/21 04:19:13.700 >> Host srvsolace-bq.capital.com.tw
[860] 2025/04/21 04:19:14.033 SKQuoteLib_EnterMonitor IP：srvsolace-bq.capital.com.tw
[860] 2025/04/21 04:19:14.084 OnSessionConnect，Code: 3001, Error Code:0.
[860] 2025/04/21 04:19:14.123 SKQuoteLib_EnterMonitorLONG starting
[860] 2025/04/21 04:19:14.124 OnConnection ( 3001 , 0 ) 
[860] 2025/04/21 04:19:14.359 Market Info is OK!
[860] 2025/04/21 04:19:14.415 Catalog info is OK!
[860] 2025/04/21 04:19:16.970 Solace RequestInitializeData (TO_S_19,S_1F)
[860] 2025/04/21 04:19:16.970 Solace RequestInitializeData (TO_S_19,S_1F)
[860] 2025/04/21 04:19:16.971 OnConnection ( 3003 , 0 ) 
[860] 2025/04/21 04:19:44.409  SKQuoteLib_RequestTicks ( 0 , 5314 )
[860] 2025/04/21 04:19:44.409 MarketNo：1 StockIdx：700
[860] 2025/04/21 04:19:44.409 Return PageNo： 0 
[860] 2025/04/21 04:19:44.715 SKQuoteLib_GetBest5LONG ( 1 , 700 )
[860] 2025/04/21 04:22:51.457  SKQuoteLib_RequestTicks ( 50 , 5314 )
[860] 2025/04/21 04:22:51.457 MarketNo：1 StockIdx：700
[860] 2025/04/21 04:22:51.457 Return PageNo： 50 
[860] 2025/04/21 04:22:55.258 SKQuoteLib_RequestServerTime()
[860] 2025/04/21 04:24:03.281 SKQuoteLib_GetTickLONG ( 0 , 5314 , 0 )
[860] 2025/04/21 04:24:03.281 StockMap not found, Market(0) Index(5314)
[860] 2025/04/21 04:24:08.745 SKQuoteLib_GetTickLONG ( 0 , 5314 , 1 )
[860] 2025/04/21 04:24:08.745 StockMap not found, Market(0) Index(5314)
[860] 2025/04/21 04:24:13.201 SKQuoteLib_GetTickLONG ( 0 , 5314 , 6 )
[860] 2025/04/21 04:24:13.201 StockMap not found, Market(0) Index(5314)
[2768] 2025/04/21 10:38:10.247 Precheck/DistributedServer Query result is 000,分配成功
[2768] 2025/04/21 10:38:10.247 >> Host srvsolace-tpa.capital.com.tw
[2768] 2025/04/21 10:38:10.610 SKQuoteLib_EnterMonitor IP：srvsolace-tpa.capital.com.tw
[2768] 2025/04/21 10:38:10.728 OnSessionConnect，Code: 3001, Error Code:0.
[2768] 2025/04/21 10:38:10.792 SKQuoteLib_EnterMonitorLONG starting
[2768] 2025/04/21 10:38:10.796 OnConnection ( 3001 , 0 ) 
[2768] 2025/04/21 10:38:10.996 Market Info is OK!
[2768] 2025/04/21 10:38:11.029 Catalog info is OK!
[2768] 2025/04/21 10:38:13.347 Solace RequestInitializeData (TO_S_19,S_1F)
[2768] 2025/04/21 10:38:13.347 Solace RequestInitializeData (TO_S_19,S_1F)
[2768] 2025/04/21 10:38:13.348 OnConnection ( 3003 , 0 ) 
[2768] 2025/04/21 10:38:25.735  SKQuoteLib_RequestTicks ( 0 , 2330 )
[2768] 2025/04/21 10:38:25.735 MarketNo：0 StockIdx：29097
[2768] 2025/04/21 10:38:25.735 Return PageNo： 0 
[2768] 2025/04/21 10:38:25.816 SKQuoteLib_GetBest5LONG ( 0 , 29097 )
[2768] 2025/04/21 10:38:25.825 SKQuoteLib_GetBest5LONG ( 0 , 29097 )
[2768] 2025/04/21 10:38:26.243 SKQuoteLib_GetBest5LONG ( 0 , 29097 )
[2768] 2025/04/21 10:38:26.252 SKQuoteLib_GetBest5LONG ( 0 , 29097 )
[2768] 2025/04/21 10:38:26.501 SKQuoteLib_GetBest5LONG ( 0 , 29097 )
[2768] 2025/04/21 10:38:26.518 SKQuoteLib_GetBest5LONG ( 0 , 29097 )
[2768] 2025/04/21 10:38:26.570 SKQuoteLib_GetBest5LONG ( 0 , 29097 )
[2768] 2025/04/21 10:38:26.615 SKQuoteLib_GetBest5LONG ( 0 , 29097 )
[2768] 2025/04/21 10:38:26.665 SKQuoteLib_GetBest5LONG ( 0 , 29097 )
[2768] 2025/04/21 10:38:26.965 SKQuoteLib_GetBest5LONG ( 0 , 29097 )
[2768] 2025/04/21 10:38:27.036 SKQuoteLib_GetBest5LONG ( 0 , 29097 )
[2768] 2025/04/21 10:38:27.067 SKQuoteLib_GetBest5LONG ( 0 , 29097 )
[2768] 2025/04/21 10:38:28.932 SKQuoteLib_GetBest5LONG ( 0 , 29097 )
[2768] 2025/04/21 10:38:28.965 SKQuoteLib_GetBest5LONG ( 0 , 29097 )
[2768] 2025/04/21 10:38:29.016 SKQuoteLib_GetBest5LONG ( 0 , 29097 )
[2768] 2025/04/21 10:38:29.064 SKQuoteLib_GetBest5LONG ( 0 , 29097 )
[2768] 2025/04/21 10:38:29.115 SKQuoteLib_GetBest5LONG ( 0 , 29097 )
[2768] 2025/04/21 10:38:29.169 SKQuoteLib_GetBest5LONG ( 0 , 29097 )
[2768] 2025/04/21 10:38:29.217 SKQuoteLib_GetBest5LONG ( 0 , 29097 )
[2768] 2025/04/21 10:38:29.266 SKQuoteLib_GetBest5LONG ( 0 , 29097 )
[2768] 2025/04/21 10:38:29.315 SKQuoteLib_GetBest5LONG ( 0 , 29097 )
[2768] 2025/04/21 10:38:29.366 SKQuoteLib_GetBest5LONG ( 0 , 29097 )
[2768] 2025/04/21 10:38:29.415 SKQuoteLib_GetBest5LONG ( 0 , 29097 )
[2768] 2025/04/21 10:38:29.466 SKQuoteLib_GetBest5LONG ( 0 , 29097 )
[2768] 2025/04/21 10:38:29.514 SKQuoteLib_GetBest5LONG ( 0 , 29097 )
[2768] 2025/04/21 10:38:29.564 SKQuoteLib_GetBest5LONG ( 0 , 29097 )
[2768] 2025/04/21 10:38:29.615 SKQuoteLib_GetBest5LONG ( 0 , 29097 )
[2768] 2025/04/21 10:38:29.666 SKQuoteLib_GetBest5LONG ( 0 , 29097 )
[2768] 2025/04/21 10:38:29.714 SKQuoteLib_GetBest5LONG ( 0 , 29097 )
[2768] 2025/04/21 10:38:29.771 SKQuoteLib_GetBest5LONG ( 0 , 29097 )
[2768] 2025/04/21 10:38:29.815 SKQuoteLib_GetBest5LONG ( 0 , 29097 )
[2768] 2025/04/21 10:38:29.874 SKQuoteLib_GetBest5LONG ( 0 , 29097 )
[2768] 2025/04/21 10:38:29.915 SKQuoteLib_GetBest5LONG ( 0 , 29097 )
[2768] 2025/04/21 10:38:29.965 SKQuoteLib_GetBest5LONG ( 0 , 29097 )
[2768] 2025/04/21 10:38:30.015 SKQuoteLib_GetBest5LONG ( 0 , 29097 )
[2768] 2025/04/21 10:38:30.068 SKQuoteLib_GetBest5LONG ( 0 , 29097 )
[2768] 2025/04/21 10:38:30.115 SKQuoteLib_GetBest5LONG ( 0 , 29097 )
[2768] 2025/04/21 10:38:30.165 SKQuoteLib_GetBest5LONG ( 0 , 29097 )
[2768] 2025/04/21 10:38:30.215 SKQuoteLib_GetBest5LONG ( 0 , 29097 )
[2768] 2025/04/21 10:38:30.272 SKQuoteLib_GetBest5LONG ( 0 , 29097 )
[2768] 2025/04/21 10:38:30.315 SKQuoteLib_GetBest5LONG ( 0 , 29097 )
[2768] 2025/04/21 10:38:30.365 SKQuoteLib_GetBest5LONG ( 0 , 29097 )
[2768] 2025/04/21 10:38:30.416 SKQuoteLib_GetBest5LONG ( 0 , 29097 )
[2768] 2025/04/21 10:38:30.465 SKQuoteLib_GetBest5LONG ( 0 , 29097 )
[2768] 2025/04/21 10:38:30.515 SKQuoteLib_GetBest5LONG ( 0 , 29097 )
[2768] 2025/04/21 10:38:30.565 SKQuoteLib_GetBest5LONG ( 0 , 29097 )
[2768] 2025/04/21 10:38:30.615 SKQuoteLib_GetBest5LONG ( 0 , 29097 )
[2768] 2025/04/21 10:38:30.666 SKQuoteLib_GetBest5LONG ( 0 , 29097 )
[2768] 2025/04/21 10:38:30.715 SKQuoteLib_GetBest5LONG ( 0 , 29097 )
[2768] 2025/04/21 10:38:30.768 SKQuoteLib_GetBest5LONG ( 0 , 29097 )
[2768] 2025/04/21 10:38:30.815 SKQuoteLib_GetBest5LONG ( 0 , 29097 )
[2768] 2025/04/21 10:38:30.870 SKQuoteLib_GetBest5LONG ( 0 , 29097 )
[2768] 2025/04/21 10:38:30.915 SKQuoteLib_GetBest5LONG ( 0 , 29097 )
[2768] 2025/04/21 10:38:30.965 SKQuoteLib_GetBest5LONG ( 0 , 29097 )
[2768] 2025/04/21 10:38:31.014 SKQuoteLib_GetBest5LONG ( 0 , 29097 )
[2768] 2025/04/21 10:38:31.065 SKQuoteLib_GetBest5LONG ( 0 , 29097 )
[2768] 2025/04/21 10:38:31.115 SKQuoteLib_GetBest5LONG ( 0 , 29097 )
[2768] 2025/04/21 10:38:31.165 SKQuoteLib_GetBest5LONG ( 0 , 29097 )
[2768] 2025/04/21 10:38:31.217 SKQuoteLib_GetBest5LONG ( 0 , 29097 )
[2768] 2025/04/21 10:38:31.265 SKQuoteLib_GetBest5LONG ( 0 , 29097 )
[2768] 2025/04/21 10:38:31.315 SKQuoteLib_GetBest5LONG ( 0 , 29097 )
[2768] 2025/04/21 10:38:31.365 SKQuoteLib_GetBest5LONG ( 0 , 29097 )
[2768] 2025/04/21 10:38:31.414 SKQuoteLib_GetBest5LONG ( 0 , 29097 )
[2768] 2025/04/21 10:38:31.465 SKQuoteLib_GetBest5LONG ( 0 , 29097 )
[2768] 2025/04/21 10:38:31.515 SKQuoteLib_GetBest5LONG ( 0 , 29097 )
[2768] 2025/04/21 10:38:31.559  SKQuoteLib_RequestTicks ( 0 , 2330 )
[2768] 2025/04/21 10:38:31.559 MarketNo：0 StockIdx：29097
[2768] 2025/04/21 10:38:31.559 Return PageNo： 0 
[2768] 2025/04/21 10:38:31.564 SKQuoteLib_GetBest5LONG ( 0 , 29097 )
[2768] 2025/04/21 10:38:31.616 SKQuoteLib_GetBest5LONG ( 0 , 29097 )
[2768] 2025/04/21 10:38:31.665 SKQuoteLib_GetBest5LONG ( 0 , 29097 )
[2768] 2025/04/21 10:38:31.717 SKQuoteLib_GetBest5LONG ( 0 , 29097 )
[2768] 2025/04/21 10:38:32.686 SKQuoteLib_GetBest5LONG ( 0 , 29097 )
[2768] 2025/04/21 10:38:32.715 SKQuoteLib_GetBest5LONG ( 0 , 29097 )
[2768] 2025/04/21 10:38:32.765 SKQuoteLib_GetBest5LONG ( 0 , 29097 )
[2768] 2025/04/21 10:38:32.816 SKQuoteLib_GetBest5LONG ( 0 , 29097 )
[2768] 2025/04/21 10:38:32.865 SKQuoteLib_GetBest5LONG ( 0 , 29097 )
[2768] 2025/04/21 10:38:32.917 SKQuoteLib_GetBest5LONG ( 0 , 29097 )
[2768] 2025/04/21 10:38:32.965 SKQuoteLib_GetBest5LONG ( 0 , 29097 )
[2768] 2025/04/21 10:38:32.975  SKQuoteLib_RequestTicks ( 0 , 2330 )
[2768] 2025/04/21 10:38:32.975 MarketNo：0 StockIdx：29097
[2768] 2025/04/21 10:38:32.975 Return PageNo： 0 
[2768] 2025/04/21 10:38:33.014 SKQuoteLib_GetBest5LONG ( 0 , 29097 )
[2768] 2025/04/21 10:38:33.065 SKQuoteLib_GetBest5LONG ( 0 , 29097 )
[2768] 2025/04/21 10:38:33.115 SKQuoteLib_GetBest5LONG ( 0 , 29097 )
[2768] 2025/04/21 10:38:33.164 SKQuoteLib_GetBest5LONG ( 0 , 29097 )
[2768] 2025/04/21 10:38:33.215 SKQuoteLib_GetBest5LONG ( 0 , 29097 )
[2768] 2025/04/21 10:38:33.264 SKQuoteLib_GetBest5LONG ( 0 , 29097 )
[2768] 2025/04/21 10:38:33.315 SKQuoteLib_GetBest5LONG ( 0 , 29097 )
[2768] 2025/04/21 10:38:33.364 SKQuoteLib_GetBest5LONG ( 0 , 29097 )
[2768] 2025/04/21 10:38:33.416 SKQuoteLib_GetBest5LONG ( 0 , 29097 )
[2768] 2025/04/21 10:38:33.464 SKQuoteLib_GetBest5LONG ( 0 , 29097 )
[2768] 2025/04/21 10:38:33.515 SKQuoteLib_GetBest5LONG ( 0 , 29097 )
[2768] 2025/04/21 10:38:33.564 SKQuoteLib_GetBest5LONG ( 0 , 29097 )
[2768] 2025/04/21 10:38:33.615 SKQuoteLib_GetBest5LONG ( 0 , 29097 )
[2768] 2025/04/21 10:38:33.664 SKQuoteLib_GetBest5LONG ( 0 , 29097 )
[2768] 2025/04/21 10:38:33.715 SKQuoteLib_GetBest5LONG ( 0 , 29097 )
[2768] 2025/04/21 10:38:33.766 SKQuoteLib_GetBest5LONG ( 0 , 29097 )
[2768] 2025/04/21 10:38:33.815 SKQuoteLib_GetBest5LONG ( 0 , 29097 )
[2768] 2025/04/21 10:38:33.869 SKQuoteLib_GetBest5LONG ( 0 , 29097 )
[2768] 2025/04/21 10:38:33.921 SKQuoteLib_GetBest5LONG ( 0 , 29097 )
[2768] 2025/04/21 10:38:33.965 SKQuoteLib_GetBest5LONG ( 0 , 29097 )
[2768] 2025/04/21 10:38:34.014 SKQuoteLib_GetBest5LONG ( 0 , 29097 )
[2768] 2025/04/21 10:38:34.072 SKQuoteLib_GetBest5LONG ( 0 , 29097 )
[2768] 2025/04/21 10:38:34.114 SKQuoteLib_GetBest5LONG ( 0 , 29097 )
[2768] 2025/04/21 10:38:34.165 SKQuoteLib_GetBest5LONG ( 0 , 29097 )
[2768] 2025/04/21 10:38:34.214 SKQuoteLib_GetBest5LONG ( 0 , 29097 )
[2768] 2025/04/21 10:38:34.266 SKQuoteLib_GetBest5LONG ( 0 , 29097 )
[2768] 2025/04/21 10:38:34.314 SKQuoteLib_GetBest5LONG ( 0 , 29097 )
[2768] 2025/04/21 10:38:34.365 SKQuoteLib_GetBest5LONG ( 0 , 29097 )
[2768] 2025/04/21 10:38:34.414 SKQuoteLib_GetBest5LONG ( 0 , 29097 )
[2768] 2025/04/21 10:38:34.465 SKQuoteLib_GetBest5LONG ( 0 , 29097 )
[2768] 2025/04/21 10:38:34.515 SKQuoteLib_GetBest5LONG ( 0 , 29097 )
[2768] 2025/04/21 10:38:34.565 SKQuoteLib_GetBest5LONG ( 0 , 29097 )
[2768] 2025/04/21 10:38:34.617 SKQuoteLib_GetBest5LONG ( 0 , 29097 )
[2768] 2025/04/21 10:38:34.673 SKQuoteLib_GetBest5LONG ( 0 , 29097 )
[2768] 2025/04/21 10:38:34.711  SKQuoteLib_RequestTicks ( 0 , 2330 )
[2768] 2025/04/21 10:38:34.711 MarketNo：0 StockIdx：29097
[2768] 2025/04/21 10:38:34.711 Return PageNo： 0 
[2768] 2025/04/21 10:38:34.714 SKQuoteLib_GetBest5LONG ( 0 , 29097 )
[2768] 2025/04/21 10:38:34.765 SKQuoteLib_GetBest5LONG ( 0 , 29097 )
[2768] 2025/04/21 10:38:34.814 SKQuoteLib_GetBest5LONG ( 0 , 29097 )
[2768] 2025/04/21 10:38:34.865 SKQuoteLib_GetBest5LONG ( 0 , 29097 )
[2768] 2025/04/21 10:38:34.916 SKQuoteLib_GetBest5LONG ( 0 , 29097 )
[2768] 2025/04/21 10:38:35.225 SKQuoteLib_GetBest5LONG ( 0 , 29097 )
[2768] 2025/04/21 10:38:35.265 SKQuoteLib_GetBest5LONG ( 0 , 29097 )
[2768] 2025/04/21 10:38:35.315 SKQuoteLib_GetBest5LONG ( 0 , 29097 )
[2768] 2025/04/21 10:38:35.365 SKQuoteLib_GetBest5LONG ( 0 , 29097 )
[2768] 2025/04/21 10:38:35.415 SKQuoteLib_GetBest5LONG ( 0 , 29097 )
[2768] 2025/04/21 10:38:35.465 SKQuoteLib_GetBest5LONG ( 0 , 29097 )
[2768] 2025/04/21 10:38:35.514 SKQuoteLib_GetBest5LONG ( 0 , 29097 )
[2768] 2025/04/21 10:38:35.568 SKQuoteLib_GetBest5LONG ( 0 , 29097 )
[2768] 2025/04/21 10:38:35.616 SKQuoteLib_GetBest5LONG ( 0 , 29097 )
[2768] 2025/04/21 10:38:35.665 SKQuoteLib_GetBest5LONG ( 0 , 29097 )
[2768] 2025/04/21 10:38:35.716 SKQuoteLib_GetBest5LONG ( 0 , 29097 )
[2768] 2025/04/21 10:38:35.765 SKQuoteLib_GetBest5LONG ( 0 , 29097 )
[2768] 2025/04/21 10:38:35.815 SKQuoteLib_GetBest5LONG ( 0 , 29097 )
[2768] 2025/04/21 10:38:35.864 SKQuoteLib_GetBest5LONG ( 0 , 29097 )
[2768] 2025/04/21 10:38:35.921 SKQuoteLib_GetBest5LONG ( 0 , 29097 )
[2768] 2025/04/21 10:38:35.978 SKQuoteLib_GetBest5LONG ( 0 , 29097 )
[2768] 2025/04/21 10:38:36.016 SKQuoteLib_GetBest5LONG ( 0 , 29097 )
[2768] 2025/04/21 10:38:36.065 SKQuoteLib_GetBest5LONG ( 0 , 29097 )
[2768] 2025/04/21 10:38:36.120 SKQuoteLib_GetBest5LONG ( 0 , 29097 )
[2768] 2025/04/21 10:38:36.164 SKQuoteLib_GetBest5LONG ( 0 , 29097 )
[2768] 2025/04/21 10:38:36.224 SKQuoteLib_GetBest5LONG ( 0 , 29097 )
[2768] 2025/04/21 10:38:36.265 SKQuoteLib_GetBest5LONG ( 0 , 29097 )
[2768] 2025/04/21 10:38:36.314 SKQuoteLib_GetBest5LONG ( 0 , 29097 )
[2768] 2025/04/21 10:38:36.365 SKQuoteLib_GetBest5LONG ( 0 , 29097 )
[2768] 2025/04/21 10:38:36.416 SKQuoteLib_GetBest5LONG ( 0 , 29097 )
[2768] 2025/04/21 10:38:36.464 SKQuoteLib_GetBest5LONG ( 0 , 29097 )
[2768] 2025/04/21 10:38:36.515 SKQuoteLib_GetBest5LONG ( 0 , 29097 )
[2768] 2025/04/21 10:38:37.327 SKQuoteLib_GetBest5LONG ( 0 , 29097 )
[2768] 2025/04/21 10:38:38.452 SKQuoteLib_GetBest5LONG ( 0 , 29097 )
[2768] 2025/04/21 10:38:38.483 SKQuoteLib_GetBest5LONG ( 0 , 29097 )
[2768] 2025/04/21 10:38:38.515 SKQuoteLib_GetBest5LONG ( 0 , 29097 )
[2768] 2025/04/21 10:38:38.568 SKQuoteLib_GetBest5LONG ( 0 , 29097 )
[2768] 2025/04/21 10:38:38.614 SKQuoteLib_GetBest5LONG ( 0 , 29097 )
[2768] 2025/04/21 10:38:38.664 SKQuoteLib_GetBest5LONG ( 0 , 29097 )
[2768] 2025/04/21 10:38:38.718 SKQuoteLib_GetBest5LONG ( 0 , 29097 )
[2768] 2025/04/21 10:38:38.766 SKQuoteLib_GetBest5LONG ( 0 , 29097 )
[2768] 2025/04/21 10:38:38.815 SKQuoteLib_GetBest5LONG ( 0 , 29097 )
[2768] 2025/04/21 10:38:38.865 SKQuoteLib_GetBest5LONG ( 0 , 29097 )
[2768] 2025/04/21 10:38:38.914 SKQuoteLib_GetBest5LONG ( 0 , 29097 )
[2768] 2025/04/21 10:38:38.966 SKQuoteLib_GetBest5LONG ( 0 , 29097 )
[2768] 2025/04/21 10:38:39.014 SKQuoteLib_GetBest5LONG ( 0 , 29097 )
[2768] 2025/04/21 10:38:39.066 SKQuoteLib_GetBest5LONG ( 0 , 29097 )
[2768] 2025/04/21 10:38:39.115 SKQuoteLib_GetBest5LONG ( 0 , 29097 )
[2768] 2025/04/21 10:38:39.165 SKQuoteLib_GetBest5LONG ( 0 , 29097 )
[2768] 2025/04/21 10:38:39.214 SKQuoteLib_GetBest5LONG ( 0 , 29097 )
[2768] 2025/04/21 10:38:39.267 SKQuoteLib_GetBest5LONG ( 0 , 29097 )
[2768] 2025/04/21 10:38:39.315 SKQuoteLib_GetBest5LONG ( 0 , 29097 )
[2768] 2025/04/21 10:38:39.427 SKQuoteLib_GetBest5LONG ( 0 , 29097 )
[2768] 2025/04/21 10:38:39.465 SKQuoteLib_GetBest5LONG ( 0 , 29097 )
[2768] 2025/04/21 10:38:39.517 SKQuoteLib_GetBest5LONG ( 0 , 29097 )
[2768] 2025/04/21 10:38:39.564 SKQuoteLib_GetBest5LONG ( 0 , 29097 )
[2768] 2025/04/21 10:38:39.615 SKQuoteLib_GetBest5LONG ( 0 , 29097 )
[2768] 2025/04/21 10:38:39.664 SKQuoteLib_GetBest5LONG ( 0 , 29097 )
[2768] 2025/04/21 10:38:39.715 SKQuoteLib_GetBest5LONG ( 0 , 29097 )
[2768] 2025/04/21 10:38:39.766 SKQuoteLib_GetBest5LONG ( 0 , 29097 )
[2768] 2025/04/21 10:38:39.815 SKQuoteLib_GetBest5LONG ( 0 , 29097 )
[2768] 2025/04/21 10:38:40.040 SKQuoteLib_GetBest5LONG ( 0 , 29097 )
[2768] 2025/04/21 10:38:40.073 SKQuoteLib_GetBest5LONG ( 0 , 29097 )
[2768] 2025/04/21 10:38:40.116 SKQuoteLib_GetBest5LONG ( 0 , 29097 )
[2768] 2025/04/21 10:38:40.167 SKQuoteLib_GetBest5LONG ( 0 , 29097 )
[2768] 2025/04/21 10:38:40.217 SKQuoteLib_GetBest5LONG ( 0 , 29097 )
[2768] 2025/04/21 10:38:40.266 SKQuoteLib_GetBest5LONG ( 0 , 29097 )
[2768] 2025/04/21 10:38:40.319 SKQuoteLib_GetBest5LONG ( 0 , 29097 )
[2768] 2025/04/21 10:38:40.365 SKQuoteLib_GetBest5LONG ( 0 , 29097 )
[2768] 2025/04/21 10:38:40.419 SKQuoteLib_GetBest5LONG ( 0 , 29097 )
[2768] 2025/04/21 10:38:40.464 SKQuoteLib_GetBest5LONG ( 0 , 29097 )
[2768] 2025/04/21 10:38:40.519 SKQuoteLib_GetBest5LONG ( 0 , 29097 )
[2768] 2025/04/21 10:38:40.565 SKQuoteLib_GetBest5LONG ( 0 , 29097 )
[2768] 2025/04/21 10:38:40.615 SKQuoteLib_GetBest5LONG ( 0 , 29097 )
[2768] 2025/04/21 10:38:40.876 SKQuoteLib_GetBest5LONG ( 0 , 29097 )
[2768] 2025/04/21 10:38:40.916 SKQuoteLib_GetBest5LONG ( 0 , 29097 )
[2768] 2025/04/21 10:38:40.964 SKQuoteLib_GetBest5LONG ( 0 , 29097 )
[2768] 2025/04/21 10:38:41.014 SKQuoteLib_GetBest5LONG ( 0 , 29097 )
[2768] 2025/04/21 10:38:41.295  SKQuoteLib_RequestTicks ( 0 , 2330 )
[2768] 2025/04/21 10:38:41.295 MarketNo：0 StockIdx：29097
[2768] 2025/04/21 10:38:41.295 Return PageNo： 0 
[2768] 2025/04/21 10:38:41.342 SKQuoteLib_GetBest5LONG ( 0 , 29097 )
[2768] 2025/04/21 10:38:41.366 SKQuoteLib_GetBest5LONG ( 0 , 29097 )
[2768] 2025/04/21 10:38:41.417 SKQuoteLib_GetBest5LONG ( 0 , 29097 )
[2768] 2025/04/21 10:38:41.464 SKQuoteLib_GetBest5LONG ( 0 , 29097 )
[2768] 2025/04/21 10:38:41.520 SKQuoteLib_GetBest5LONG ( 0 , 29097 )
[2768] 2025/04/21 10:38:41.564 SKQuoteLib_GetBest5LONG ( 0 , 29097 )
[2768] 2025/04/21 10:38:41.621 SKQuoteLib_GetBest5LONG ( 0 , 29097 )
[2768] 2025/04/21 10:38:41.804 SKQuoteLib_GetBest5LONG ( 0 , 29097 )
[2768] 2025/04/21 10:38:42.751  SKQuoteLib_RequestTicks ( 0 , 2330 )
[2768] 2025/04/21 10:38:42.751 MarketNo：0 StockIdx：29097
[2768] 2025/04/21 10:38:42.751 Return PageNo： 0 
[2768] 2025/04/21 10:38:43.657 SKQuoteLib_GetBest5LONG ( 0 , 29097 )
[2768] 2025/04/21 10:38:43.687 SKQuoteLib_GetBest5LONG ( 0 , 29097 )
[2768] 2025/04/21 10:38:43.714 SKQuoteLib_GetBest5LONG ( 0 , 29097 )
[2768] 2025/04/21 10:38:43.765 SKQuoteLib_GetBest5LONG ( 0 , 29097 )
[2768] 2025/04/21 10:38:43.814 SKQuoteLib_GetBest5LONG ( 0 , 29097 )
[2768] 2025/04/21 10:38:43.864 SKQuoteLib_GetBest5LONG ( 0 , 29097 )
[2768] 2025/04/21 10:38:43.914 SKQuoteLib_GetBest5LONG ( 0 , 29097 )
[2768] 2025/04/21 10:38:43.964 SKQuoteLib_GetBest5LONG ( 0 , 29097 )
[2768] 2025/04/21 10:38:44.015 SKQuoteLib_GetBest5LONG ( 0 , 29097 )
[2768] 2025/04/21 10:38:44.065 SKQuoteLib_GetBest5LONG ( 0 , 29097 )
[2768] 2025/04/21 10:38:44.114 SKQuoteLib_GetBest5LONG ( 0 , 29097 )
[2768] 2025/04/21 10:38:44.164 SKQuoteLib_GetBest5LONG ( 0 , 29097 )
[2768] 2025/04/21 10:38:44.214 SKQuoteLib_GetBest5LONG ( 0 , 29097 )
[2768] 2025/04/21 10:38:44.264 SKQuoteLib_GetBest5LONG ( 0 , 29097 )
[2768] 2025/04/21 10:38:44.317 SKQuoteLib_GetBest5LONG ( 0 , 29097 )
[2768] 2025/04/21 10:38:44.364 SKQuoteLib_GetBest5LONG ( 0 , 29097 )
[2768] 2025/04/21 10:38:44.416 SKQuoteLib_GetBest5LONG ( 0 , 29097 )
[2768] 2025/04/21 10:38:44.464 SKQuoteLib_GetBest5LONG ( 0 , 29097 )
[2768] 2025/04/21 10:38:44.515 SKQuoteLib_GetBest5LONG ( 0 , 29097 )
[2768] 2025/04/21 10:38:44.564 SKQuoteLib_GetBest5LONG ( 0 , 29097 )
[2768] 2025/04/21 10:38:44.617 SKQuoteLib_GetBest5LONG ( 0 , 29097 )
[2768] 2025/04/21 10:38:44.664 SKQuoteLib_GetBest5LONG ( 0 , 29097 )
[2768] 2025/04/21 10:38:44.723 SKQuoteLib_GetBest5LONG ( 0 , 29097 )
[2768] 2025/04/21 10:38:44.765 SKQuoteLib_GetBest5LONG ( 0 , 29097 )
[2768] 2025/04/21 10:38:44.814 SKQuoteLib_GetBest5LONG ( 0 , 29097 )
[2768] 2025/04/21 10:38:44.864 SKQuoteLib_GetBest5LONG ( 0 , 29097 )
[2768] 2025/04/21 10:38:44.915 SKQuoteLib_GetBest5LONG ( 0 , 29097 )
[2768] 2025/04/21 10:38:44.966 SKQuoteLib_GetBest5LONG ( 0 , 29097 )
[2768] 2025/04/21 10:38:45.014 SKQuoteLib_GetBest5LONG ( 0 , 29097 )
[2768] 2025/04/21 10:38:45.065 SKQuoteLib_GetBest5LONG ( 0 , 29097 )
[2768] 2025/04/21 10:38:45.114 SKQuoteLib_GetBest5LONG ( 0 , 29097 )
[2768] 2025/04/21 10:38:45.166 SKQuoteLib_GetBest5LONG ( 0 , 29097 )
[2768] 2025/04/21 10:38:45.217 SKQuoteLib_GetBest5LONG ( 0 , 29097 )
[2768] 2025/04/21 10:38:45.264 SKQuoteLib_GetBest5LONG ( 0 , 29097 )
[2768] 2025/04/21 10:38:45.703  SKQuoteLib_RequestTicks ( 0 , 2330 )
[2768] 2025/04/21 10:38:45.703 MarketNo：0 StockIdx：29097
[2768] 2025/04/21 10:38:45.703 Return PageNo： 0 
[2768] 2025/04/21 10:38:46.359  SKQuoteLib_RequestTicks ( 0 , 2330 )
[2768] 2025/04/21 10:38:46.359 MarketNo：0 StockIdx：29097
[2768] 2025/04/21 10:38:46.359 Return PageNo： 0 
[2768] 2025/04/21 10:38:46.695  SKQuoteLib_RequestTicks ( 0 , 2330 )
[2768] 2025/04/21 10:38:46.695 MarketNo：0 StockIdx：29097
[2768] 2025/04/21 10:38:46.695 Return PageNo： 0 
[2768] 2025/04/21 10:38:46.712 SKQuoteLib_GetBest5LONG ( 0 , 29097 )
[2768] 2025/04/21 10:38:46.755 SKQuoteLib_GetBest5LONG ( 0 , 29097 )
[2768] 2025/04/21 10:38:46.765 SKQuoteLib_GetBest5LONG ( 0 , 29097 )
[2768] 2025/04/21 10:38:46.815 SKQuoteLib_GetBest5LONG ( 0 , 29097 )
[2768] 2025/04/21 10:38:46.872 SKQuoteLib_GetBest5LONG ( 0 , 29097 )
[2768] 2025/04/21 10:38:46.916 SKQuoteLib_GetBest5LONG ( 0 , 29097 )
[2768] 2025/04/21 10:38:46.964 SKQuoteLib_GetBest5LONG ( 0 , 29097 )
[2768] 2025/04/21 10:38:46.975  SKQuoteLib_RequestTicks ( 0 , 2330 )
[2768] 2025/04/21 10:38:46.975 MarketNo：0 StockIdx：29097
[2768] 2025/04/21 10:38:46.975 Return PageNo： 0 
[2768] 2025/04/21 10:38:47.014 SKQuoteLib_GetBest5LONG ( 0 , 29097 )
[2768] 2025/04/21 10:38:47.065 SKQuoteLib_GetBest5LONG ( 0 , 29097 )
[2768] 2025/04/21 10:38:47.115 SKQuoteLib_GetBest5LONG ( 0 , 29097 )
[2768] 2025/04/21 10:38:47.165 SKQuoteLib_GetBest5LONG ( 0 , 29097 )
[2768] 2025/04/21 10:38:47.214 SKQuoteLib_GetBest5LONG ( 0 , 29097 )
[2768] 2025/04/21 10:38:47.263  SKQuoteLib_RequestTicks ( 0 , 2330 )
[2768] 2025/04/21 10:38:47.263 MarketNo：0 StockIdx：29097
[2768] 2025/04/21 10:38:47.263 Return PageNo： 0 
[2768] 2025/04/21 10:38:47.265 SKQuoteLib_GetBest5LONG ( 0 , 29097 )
[2768] 2025/04/21 10:38:47.314 SKQuoteLib_GetBest5LONG ( 0 , 29097 )
[2768] 2025/04/21 10:38:47.373 SKQuoteLib_GetBest5LONG ( 0 , 29097 )
[2768] 2025/04/21 10:38:47.414 SKQuoteLib_GetBest5LONG ( 0 , 29097 )
[2768] 2025/04/21 10:38:47.465 SKQuoteLib_GetBest5LONG ( 0 , 29097 )
[2768] 2025/04/21 10:38:47.514 SKQuoteLib_GetBest5LONG ( 0 , 29097 )
[2768] 2025/04/21 10:38:47.566 SKQuoteLib_GetBest5LONG ( 0 , 29097 )
[2768] 2025/04/21 10:38:47.614 SKQuoteLib_GetBest5LONG ( 0 , 29097 )
[2768] 2025/04/21 10:38:47.664 SKQuoteLib_GetBest5LONG ( 0 , 29097 )
[2768] 2025/04/21 10:38:47.717 SKQuoteLib_GetBest5LONG ( 0 , 29097 )
[2768] 2025/04/21 10:38:48.289 SKQuoteLib_GetBest5LONG ( 0 , 29097 )
[2768] 2025/04/21 10:38:48.543  SKQuoteLib_RequestTicks ( 0 , 2330 )
[2768] 2025/04/21 10:38:48.543 MarketNo：0 StockIdx：29097
[2768] 2025/04/21 10:38:48.543 Return PageNo： 0 
[2768] 2025/04/21 10:38:49.128 SKQuoteLib_GetBest5LONG ( 0 , 29097 )
[2768] 2025/04/21 10:38:49.164 SKQuoteLib_GetBest5LONG ( 0 , 29097 )
[2768] 2025/04/21 10:38:49.216 SKQuoteLib_GetBest5LONG ( 0 , 29097 )
[2768] 2025/04/21 10:38:49.264 SKQuoteLib_GetBest5LONG ( 0 , 29097 )
[2768] 2025/04/21 10:38:49.314 SKQuoteLib_GetBest5LONG ( 0 , 29097 )
[2768] 2025/04/21 10:38:49.364 SKQuoteLib_GetBest5LONG ( 0 , 29097 )
[2768] 2025/04/21 10:38:49.415 SKQuoteLib_GetBest5LONG ( 0 , 29097 )
[2768] 2025/04/21 10:38:49.464 SKQuoteLib_GetBest5LONG ( 0 , 29097 )
[2768] 2025/04/21 10:38:49.515 SKQuoteLib_GetBest5LONG ( 0 , 29097 )
[2768] 2025/04/21 10:38:49.565 SKQuoteLib_GetBest5LONG ( 0 , 29097 )
[2768] 2025/04/21 10:38:49.591  SKQuoteLib_RequestTicks ( 0 , 2330 )
[2768] 2025/04/21 10:38:49.591 MarketNo：0 StockIdx：29097
[2768] 2025/04/21 10:38:49.591 Return PageNo： 0 
[2768] 2025/04/21 10:38:49.614 SKQuoteLib_GetBest5LONG ( 0 , 29097 )
[2768] 2025/04/21 10:38:49.665 SKQuoteLib_GetBest5LONG ( 0 , 29097 )
[2768] 2025/04/21 10:38:49.715 SKQuoteLib_GetBest5LONG ( 0 , 29097 )
[2768] 2025/04/21 10:38:49.764 SKQuoteLib_GetBest5LONG ( 0 , 29097 )
[2768] 2025/04/21 10:38:49.814 SKQuoteLib_GetBest5LONG ( 0 , 29097 )
[2768] 2025/04/21 10:38:49.864 SKQuoteLib_GetBest5LONG ( 0 , 29097 )
[2768] 2025/04/21 10:38:49.915 SKQuoteLib_GetBest5LONG ( 0 , 29097 )
[2768] 2025/04/21 10:38:49.963 SKQuoteLib_GetBest5LONG ( 0 , 29097 )
[2768] 2025/04/21 10:38:50.019 SKQuoteLib_GetBest5LONG ( 0 , 29097 )
[2768] 2025/04/21 10:38:50.065 SKQuoteLib_GetBest5LONG ( 0 , 29097 )
[2768] 2025/04/21 10:38:50.116 SKQuoteLib_GetBest5LONG ( 0 , 29097 )
[2768] 2025/04/21 10:38:50.176 SKQuoteLib_GetBest5LONG ( 0 , 29097 )
[2768] 2025/04/21 10:38:50.214 SKQuoteLib_GetBest5LONG ( 0 , 29097 )
[2768] 2025/04/21 10:38:50.267 SKQuoteLib_GetBest5LONG ( 0 , 29097 )
[2768] 2025/04/21 10:38:50.314 SKQuoteLib_GetBest5LONG ( 0 , 29097 )
[2768] 2025/04/21 10:38:50.364 SKQuoteLib_GetBest5LONG ( 0 , 29097 )
[2768] 2025/04/21 10:38:50.415 SKQuoteLib_GetBest5LONG ( 0 , 29097 )
[2768] 2025/04/21 10:38:50.464 SKQuoteLib_GetBest5LONG ( 0 , 29097 )
[2768] 2025/04/21 10:38:50.516 SKQuoteLib_GetBest5LONG ( 0 , 29097 )
[2768] 2025/04/21 10:38:50.564 SKQuoteLib_GetBest5LONG ( 0 , 29097 )
[2768] 2025/04/21 10:38:50.614 SKQuoteLib_GetBest5LONG ( 0 , 29097 )
[2768] 2025/04/21 10:38:50.664 SKQuoteLib_GetBest5LONG ( 0 , 29097 )
[2768] 2025/04/21 10:38:50.714 SKQuoteLib_GetBest5LONG ( 0 , 29097 )
[2768] 2025/04/21 10:38:50.765 SKQuoteLib_GetBest5LONG ( 0 , 29097 )
[2768] 2025/04/21 10:38:50.816 SKQuoteLib_GetBest5LONG ( 0 , 29097 )
[2768] 2025/04/21 10:38:50.867 SKQuoteLib_GetBest5LONG ( 0 , 29097 )
[2768] 2025/04/21 10:38:50.914 SKQuoteLib_GetBest5LONG ( 0 , 29097 )
[2768] 2025/04/21 10:38:50.966 SKQuoteLib_GetBest5LONG ( 0 , 29097 )
[2768] 2025/04/21 10:38:51.014 SKQuoteLib_GetBest5LONG ( 0 , 29097 )
[2768] 2025/04/21 10:38:51.065 SKQuoteLib_GetBest5LONG ( 0 , 29097 )
[2768] 2025/04/21 10:38:51.114 SKQuoteLib_GetBest5LONG ( 0 , 29097 )
[2768] 2025/04/21 10:38:51.164 SKQuoteLib_GetBest5LONG ( 0 , 29097 )
[2768] 2025/04/21 10:38:51.214 SKQuoteLib_GetBest5LONG ( 0 , 29097 )
[2768] 2025/04/21 10:38:51.264 SKQuoteLib_GetBest5LONG ( 0 , 29097 )
[2768] 2025/04/21 10:38:51.313 SKQuoteLib_GetBest5LONG ( 0 , 29097 )
[2768] 2025/04/21 10:38:51.364 SKQuoteLib_GetBest5LONG ( 0 , 29097 )
[2768] 2025/04/21 10:38:51.414 SKQuoteLib_GetBest5LONG ( 0 , 29097 )
[2768] 2025/04/21 10:38:51.464 SKQuoteLib_GetBest5LONG ( 0 , 29097 )
[2768] 2025/04/21 10:38:51.514 SKQuoteLib_GetBest5LONG ( 0 , 29097 )
[2768] 2025/04/21 10:38:51.565 SKQuoteLib_GetBest5LONG ( 0 , 29097 )
[2768] 2025/04/21 10:38:51.614 SKQuoteLib_GetBest5LONG ( 0 , 29097 )
[2768] 2025/04/21 10:38:51.664 SKQuoteLib_GetBest5LONG ( 0 , 29097 )
[2768] 2025/04/21 10:38:51.714 SKQuoteLib_GetBest5LONG ( 0 , 29097 )
[2768] 2025/04/21 10:38:51.764 SKQuoteLib_GetBest5LONG ( 0 , 29097 )
[2768] 2025/04/21 10:38:51.814 SKQuoteLib_GetBest5LONG ( 0 , 29097 )
[2768] 2025/04/21 10:38:52.232 SKQuoteLib_GetBest5LONG ( 0 , 29097 )
[2768] 2025/04/21 10:38:52.264 SKQuoteLib_GetBest5LONG ( 0 , 29097 )
[2768] 2025/04/21 10:38:52.314 SKQuoteLib_GetBest5LONG ( 0 , 29097 )
[2768] 2025/04/21 10:38:52.364 SKQuoteLib_GetBest5LONG ( 0 , 29097 )
[2768] 2025/04/21 10:38:52.414 SKQuoteLib_GetBest5LONG ( 0 , 29097 )
[2768] 2025/04/21 10:38:52.464 SKQuoteLib_GetBest5LONG ( 0 , 29097 )
[2768] 2025/04/21 10:38:52.514 SKQuoteLib_GetBest5LONG ( 0 , 29097 )
[2768] 2025/04/21 10:38:52.565 SKQuoteLib_GetBest5LONG ( 0 , 29097 )
[2768] 2025/04/21 10:38:52.614 SKQuoteLib_GetBest5LONG ( 0 , 29097 )
[2768] 2025/04/21 10:38:52.666 SKQuoteLib_GetBest5LONG ( 0 , 29097 )
[2768] 2025/04/21 10:38:52.714 SKQuoteLib_GetBest5LONG ( 0 , 29097 )
[2768] 2025/04/21 10:38:52.765 SKQuoteLib_GetBest5LONG ( 0 , 29097 )
[2768] 2025/04/21 10:38:52.813 SKQuoteLib_GetBest5LONG ( 0 , 29097 )
[2768] 2025/04/21 10:38:52.864 SKQuoteLib_GetBest5LONG ( 0 , 29097 )
[2768] 2025/04/21 10:38:52.915 SKQuoteLib_GetBest5LONG ( 0 , 29097 )
[2768] 2025/04/21 10:38:52.964 SKQuoteLib_GetBest5LONG ( 0 , 29097 )
[2768] 2025/04/21 10:38:53.017 SKQuoteLib_GetBest5LONG ( 0 , 29097 )
[2768] 2025/04/21 10:38:53.064 SKQuoteLib_GetBest5LONG ( 0 , 29097 )
[2768] 2025/04/21 10:38:53.118 SKQuoteLib_GetBest5LONG ( 0 , 29097 )
[2768] 2025/04/21 10:38:53.164 SKQuoteLib_GetBest5LONG ( 0 , 29097 )
[2768] 2025/04/21 10:38:53.222 SKQuoteLib_GetBest5LONG ( 0 , 29097 )
[2768] 2025/04/21 10:38:53.263 SKQuoteLib_GetBest5LONG ( 0 , 29097 )
[2768] 2025/04/21 10:38:53.314 SKQuoteLib_GetBest5LONG ( 0 , 29097 )
[2768] 2025/04/21 10:38:53.364 SKQuoteLib_GetBest5LONG ( 0 , 29097 )
[2768] 2025/04/21 10:38:53.414 SKQuoteLib_GetBest5LONG ( 0 , 29097 )
[2768] 2025/04/21 10:38:53.464 SKQuoteLib_GetBest5LONG ( 0 , 29097 )
[2768] 2025/04/21 10:38:53.514 SKQuoteLib_GetBest5LONG ( 0 , 29097 )
[2768] 2025/04/21 10:38:53.563 SKQuoteLib_GetBest5LONG ( 0 , 29097 )
[2768] 2025/04/21 10:38:53.619 SKQuoteLib_GetBest5LONG ( 0 , 29097 )
[2768] 2025/04/21 10:38:53.664 SKQuoteLib_GetBest5LONG ( 0 , 29097 )
[2768] 2025/04/21 10:38:53.716 SKQuoteLib_GetBest5LONG ( 0 , 29097 )
[2768] 2025/04/21 10:38:53.774 SKQuoteLib_GetBest5LONG ( 0 , 29097 )
[2768] 2025/04/21 10:38:53.814 SKQuoteLib_GetBest5LONG ( 0 , 29097 )
[2768] 2025/04/21 10:38:53.871 SKQuoteLib_GetBest5LONG ( 0 , 29097 )
[2768] 2025/04/21 10:38:53.914 SKQuoteLib_GetBest5LONG ( 0 , 29097 )
[2768] 2025/04/21 10:38:53.966 SKQuoteLib_GetBest5LONG ( 0 , 29097 )
[2768] 2025/04/21 10:38:54.101 SKQuoteLib_GetBest5LONG ( 0 , 29097 )
[2768] 2025/04/21 10:38:54.122 SKQuoteLib_GetBest5LONG ( 0 , 29097 )
[2768] 2025/04/21 10:38:54.164 SKQuoteLib_GetBest5LONG ( 0 , 29097 )
[2768] 2025/04/21 10:38:54.217 SKQuoteLib_GetBest5LONG ( 0 , 29097 )
[2768] 2025/04/21 10:38:54.265 SKQuoteLib_GetBest5LONG ( 0 , 29097 )
[2768] 2025/04/21 10:38:54.314 SKQuoteLib_GetBest5LONG ( 0 , 29097 )
[2768] 2025/04/21 10:38:54.363 SKQuoteLib_GetBest5LONG ( 0 , 29097 )
[2768] 2025/04/21 10:38:54.413 SKQuoteLib_GetBest5LONG ( 0 , 29097 )
[2768] 2025/04/21 10:38:54.464 SKQuoteLib_GetBest5LONG ( 0 , 29097 )
[2768] 2025/04/21 10:38:54.514 SKQuoteLib_GetBest5LONG ( 0 , 29097 )
[2768] 2025/04/21 10:38:54.564 SKQuoteLib_GetBest5LONG ( 0 , 29097 )
[2768] 2025/04/21 10:38:54.614 SKQuoteLib_GetBest5LONG ( 0 , 29097 )
[2768] 2025/04/21 10:38:54.664 SKQuoteLib_GetBest5LONG ( 0 , 29097 )
[2768] 2025/04/21 10:38:54.716 SKQuoteLib_GetBest5LONG ( 0 , 29097 )
[2768] 2025/04/21 10:38:54.764 SKQuoteLib_GetBest5LONG ( 0 , 29097 )
[2768] 2025/04/21 10:38:54.816 SKQuoteLib_GetBest5LONG ( 0 , 29097 )
[2768] 2025/04/21 10:38:54.864 SKQuoteLib_GetBest5LONG ( 0 , 29097 )
[2768] 2025/04/21 10:38:54.914 SKQuoteLib_GetBest5LONG ( 0 , 29097 )
[2768] 2025/04/21 10:38:54.964 SKQuoteLib_GetBest5LONG ( 0 , 29097 )
[2768] 2025/04/21 10:38:55.014 SKQuoteLib_GetBest5LONG ( 0 , 29097 )
[2768] 2025/04/21 10:38:55.065 SKQuoteLib_GetBest5LONG ( 0 , 29097 )
[2768] 2025/04/21 10:38:55.120 SKQuoteLib_GetBest5LONG ( 0 , 29097 )
[2768] 2025/04/21 10:38:55.167 SKQuoteLib_GetBest5LONG ( 0 , 29097 )
[2768] 2025/04/21 10:38:55.214 SKQuoteLib_GetBest5LONG ( 0 , 29097 )
[2768] 2025/04/21 10:38:55.265 SKQuoteLib_GetBest5LONG ( 0 , 29097 )
[2768] 2025/04/21 10:38:55.324 SKQuoteLib_GetBest5LONG ( 0 , 29097 )
[2768] 2025/04/21 10:38:55.370 SKQuoteLib_GetBest5LONG ( 0 , 29097 )
[2768] 2025/04/21 10:38:55.415 SKQuoteLib_GetBest5LONG ( 0 , 29097 )
[2768] 2025/04/21 10:38:55.463 SKQuoteLib_GetBest5LONG ( 0 , 29097 )
[2768] 2025/04/21 10:38:55.513 SKQuoteLib_GetBest5LONG ( 0 , 29097 )
[2768] 2025/04/21 10:38:55.565 SKQuoteLib_GetBest5LONG ( 0 , 29097 )
[2768] 2025/04/21 10:38:55.613 SKQuoteLib_GetBest5LONG ( 0 , 29097 )
[2768] 2025/04/21 10:38:55.663 SKQuoteLib_GetBest5LONG ( 0 , 29097 )
[2768] 2025/04/21 10:38:55.714 SKQuoteLib_GetBest5LONG ( 0 , 29097 )
[2768] 2025/04/21 10:38:55.764 SKQuoteLib_GetBest5LONG ( 0 , 29097 )
[2768] 2025/04/21 10:38:55.815 SKQuoteLib_GetBest5LONG ( 0 , 29097 )
[2768] 2025/04/21 10:38:55.864 SKQuoteLib_GetBest5LONG ( 0 , 29097 )
[2768] 2025/04/21 10:38:55.913 SKQuoteLib_GetBest5LONG ( 0 , 29097 )
[2768] 2025/04/21 10:38:55.966 SKQuoteLib_GetBest5LONG ( 0 , 29097 )
[2768] 2025/04/21 10:38:56.014 SKQuoteLib_GetBest5LONG ( 0 , 29097 )
[2768] 2025/04/21 10:38:56.063 SKQuoteLib_GetBest5LONG ( 0 , 29097 )
[2768] 2025/04/21 10:38:56.114 SKQuoteLib_GetBest5LONG ( 0 , 29097 )
[2768] 2025/04/21 10:38:56.166 SKQuoteLib_GetBest5LONG ( 0 , 29097 )
[2768] 2025/04/21 10:38:56.214 SKQuoteLib_GetBest5LONG ( 0 , 29097 )
[2768] 2025/04/21 10:38:56.265 SKQuoteLib_GetBest5LONG ( 0 , 29097 )
[2768] 2025/04/21 10:38:56.315 SKQuoteLib_GetBest5LONG ( 0 , 29097 )
[2768] 2025/04/21 10:38:56.367 SKQuoteLib_GetBest5LONG ( 0 , 29097 )
[2768] 2025/04/21 10:38:56.413 SKQuoteLib_GetBest5LONG ( 0 , 29097 )
[2768] 2025/04/21 10:38:56.468 SKQuoteLib_GetBest5LONG ( 0 , 29097 )
[2768] 2025/04/21 10:38:56.513 SKQuoteLib_GetBest5LONG ( 0 , 29097 )
[2768] 2025/04/21 10:38:56.572 SKQuoteLib_GetBest5LONG ( 0 , 29097 )
[2768] 2025/04/21 10:38:56.614 SKQuoteLib_GetBest5LONG ( 0 , 29097 )
[2768] 2025/04/21 10:38:56.663 SKQuoteLib_GetBest5LONG ( 0 , 29097 )
[2768] 2025/04/21 10:38:56.714 SKQuoteLib_GetBest5LONG ( 0 , 29097 )
[2768] 2025/04/21 10:38:56.764 SKQuoteLib_GetBest5LONG ( 0 , 29097 )
[2768] 2025/04/21 10:38:56.807  SKQuoteLib_RequestTicks ( 0 , 2317 )
[2768] 2025/04/21 10:38:56.807 MarketNo：0 StockIdx：29090
[2768] 2025/04/21 10:38:56.807 Return PageNo： 0 
[2768] 2025/04/21 10:38:56.813 SKQuoteLib_GetBest5LONG ( 0 , 29097 )
[2768] 2025/04/21 10:38:56.867 SKQuoteLib_GetBest5LONG ( 0 , 29097 )
[2768] 2025/04/21 10:38:57.314 SKQuoteLib_GetBest5LONG ( 0 , 29090 )
[2768] 2025/04/21 10:38:57.326 SKQuoteLib_GetBest5LONG ( 0 , 29090 )
[2768] 2025/04/21 10:38:57.339 SKQuoteLib_GetBest5LONG ( 0 , 29090 )
[2768] 2025/04/21 10:38:57.408 SKQuoteLib_GetBest5LONG ( 0 , 29090 )
[2768] 2025/04/21 10:38:57.446 SKQuoteLib_GetBest5LONG ( 0 , 29090 )
[2768] 2025/04/21 10:38:57.610 SKQuoteLib_GetBest5LONG ( 0 , 29090 )
[2768] 2025/04/21 10:38:57.857 SKQuoteLib_GetBest5LONG ( 0 , 29090 )
[2768] 2025/04/21 10:38:58.047 SKQuoteLib_GetBest5LONG ( 0 , 29090 )
[2768] 2025/04/21 10:38:58.242 SKQuoteLib_GetBest5LONG ( 0 , 29090 )
[2768] 2025/04/21 10:38:58.299 SKQuoteLib_GetBest5LONG ( 0 , 29090 )
[2768] 2025/04/21 10:38:58.880 SKQuoteLib_GetBest5LONG ( 0 , 29090 )
[2768] 2025/04/21 10:38:59.268 SKQuoteLib_GetBest5LONG ( 0 , 29090 )
[2768] 2025/04/21 10:38:59.415  SKQuoteLib_RequestTicks ( 0 , 2317 )
[2768] 2025/04/21 10:38:59.415 MarketNo：0 StockIdx：29090
[2768] 2025/04/21 10:38:59.415 Return PageNo： 0 
[2768] 2025/04/21 10:38:59.624 SKQuoteLib_GetBest5LONG ( 0 , 29090 )
[2768] 2025/04/21 10:39:00.330 SKQuoteLib_GetBest5LONG ( 0 , 29090 )
[2768] 2025/04/21 10:39:00.588 SKQuoteLib_GetBest5LONG ( 0 , 29090 )
[2768] 2025/04/21 10:39:01.209 SKQuoteLib_GetBest5LONG ( 0 , 29090 )
[2768] 2025/04/21 10:39:01.296 SKQuoteLib_GetBest5LONG ( 0 , 29090 )
[2768] 2025/04/21 10:39:01.337 SKQuoteLib_GetBest5LONG ( 0 , 29090 )
[2768] 2025/04/21 10:39:01.429 SKQuoteLib_GetBest5LONG ( 0 , 29090 )
[2768] 2025/04/21 10:39:01.624 SKQuoteLib_GetBest5LONG ( 0 , 29090 )
[2768] 2025/04/21 10:39:02.295  SKQuoteLib_RequestTicks ( 0 , 2317 )
[2768] 2025/04/21 10:39:02.295 MarketNo：0 StockIdx：29090
[2768] 2025/04/21 10:39:02.295 Return PageNo： 0 
[2768] 2025/04/21 10:39:02.528 SKQuoteLib_GetBest5LONG ( 0 , 29090 )
[2768] 2025/04/21 10:39:02.563 SKQuoteLib_GetBest5LONG ( 0 , 29090 )
[2768] 2025/04/21 10:39:03.563 SKQuoteLib_GetBest5LONG ( 0 , 29090 )
[2768] 2025/04/21 10:39:03.573 SKQuoteLib_GetBest5LONG ( 0 , 29090 )
[2768] 2025/04/21 10:39:04.188 SKQuoteLib_GetBest5LONG ( 0 , 29090 )
[2768] 2025/04/21 10:39:04.576 SKQuoteLib_GetBest5LONG ( 0 , 29090 )
[2768] 2025/04/21 10:39:04.665 SKQuoteLib_GetBest5LONG ( 0 , 29090 )
[2768] 2025/04/21 10:39:04.691 SKQuoteLib_GetBest5LONG ( 0 , 29090 )
[2768] 2025/04/21 10:39:05.292 SKQuoteLib_GetBest5LONG ( 0 , 29090 )
[2768] 2025/04/21 10:39:05.596 SKQuoteLib_GetBest5LONG ( 0 , 29090 )
[2768] 2025/04/21 10:39:05.894 SKQuoteLib_GetBest5LONG ( 0 , 29090 )
[2768] 2025/04/21 10:39:05.928 SKQuoteLib_GetBest5LONG ( 0 , 29090 )
[2768] 2025/04/21 10:39:06.534 SKQuoteLib_GetBest5LONG ( 0 , 29090 )
[2768] 2025/04/21 10:39:06.564 SKQuoteLib_GetBest5LONG ( 0 , 29090 )
[2768] 2025/04/21 10:39:06.944 SKQuoteLib_GetBest5LONG ( 0 , 29090 )
[2768] 2025/04/21 10:39:06.997 SKQuoteLib_GetBest5LONG ( 0 , 29090 )
[2768] 2025/04/21 10:39:07.968 SKQuoteLib_GetBest5LONG ( 0 , 29090 )
[2768] 2025/04/21 10:39:08.030 SKQuoteLib_GetBest5LONG ( 0 , 29090 )
[2768] 2025/04/21 10:39:08.177 SKQuoteLib_GetBest5LONG ( 0 , 29090 )
[2768] 2025/04/21 10:39:08.294 SKQuoteLib_GetBest5LONG ( 0 , 29090 )
[2768] 2025/04/21 10:39:10.020 SKQuoteLib_GetBest5LONG ( 0 , 29090 )
[2768] 2025/04/21 10:39:10.426 SKQuoteLib_GetBest5LONG ( 0 , 29090 )
[2768] 2025/04/21 10:39:10.614 SKQuoteLib_GetBest5LONG ( 0 , 29090 )
[2768] 2025/04/21 10:39:10.716 SKQuoteLib_GetBest5LONG ( 0 , 29090 )
[2768] 2025/04/21 10:39:10.763 SKQuoteLib_GetBest5LONG ( 0 , 29090 )
[2768] 2025/04/21 10:39:11.760 SKQuoteLib_GetBest5LONG ( 0 , 29090 )
[2768] 2025/04/21 10:39:12.342 SKQuoteLib_GetBest5LONG ( 0 , 29090 )
[2768] 2025/04/21 10:39:12.968 SKQuoteLib_GetBest5LONG ( 0 , 29090 )
[2768] 2025/04/21 10:39:13.103 SKQuoteLib_GetBest5LONG ( 0 , 29090 )
[2768] 2025/04/21 10:39:13.280 SKQuoteLib_GetBest5LONG ( 0 , 29090 )
[2768] 2025/04/21 10:39:13.444 SKQuoteLib_GetBest5LONG ( 0 , 29090 )
[2768] 2025/04/21 10:39:15.301 SKQuoteLib_GetBest5LONG ( 0 , 29090 )
[2768] 2025/04/21 10:39:15.597 SKQuoteLib_GetBest5LONG ( 0 , 29090 )
[2768] 2025/04/21 10:39:15.828 SKQuoteLib_GetBest5LONG ( 0 , 29090 )
[2768] 2025/04/21 10:39:16.875 SKQuoteLib_GetBest5LONG ( 0 , 29090 )
[2768] 2025/04/21 10:39:17.895 SKQuoteLib_GetBest5LONG ( 0 , 29090 )
[2768] 2025/04/21 10:39:18.177 SKQuoteLib_GetBest5LONG ( 0 , 29090 )
[2768] 2025/04/21 10:39:18.255 SKQuoteLib_GetBest5LONG ( 0 , 29090 )
[2768] 2025/04/21 10:39:18.516 SKQuoteLib_GetBest5LONG ( 0 , 29090 )
[2768] 2025/04/21 10:39:18.809 SKQuoteLib_GetBest5LONG ( 0 , 29090 )
[2768] 2025/04/21 10:39:18.997 SKQuoteLib_GetBest5LONG ( 0 , 29090 )
[2768] 2025/04/21 10:39:19.872 SKQuoteLib_GetBest5LONG ( 0 , 29090 )
[2768] 2025/04/21 10:39:20.623 SKQuoteLib_GetBest5LONG ( 0 , 29090 )
[2768] 2025/04/21 10:39:20.768 SKQuoteLib_GetBest5LONG ( 0 , 29090 )
[2768] 2025/04/21 10:39:20.850 SKQuoteLib_GetBest5LONG ( 0 , 29090 )
[2768] 2025/04/21 10:39:21.380 SKQuoteLib_GetBest5LONG ( 0 , 29090 )
[2768] 2025/04/21 10:39:21.798 SKQuoteLib_GetBest5LONG ( 0 , 29090 )
[2768] 2025/04/21 10:39:21.882 SKQuoteLib_GetBest5LONG ( 0 , 29090 )
[2768] 2025/04/21 10:39:21.912 SKQuoteLib_GetBest5LONG ( 0 , 29090 )
[2768] 2025/04/21 10:39:22.218 SKQuoteLib_GetBest5LONG ( 0 , 29090 )
[2768] 2025/04/21 10:39:22.268 SKQuoteLib_GetBest5LONG ( 0 , 29090 )
[2768] 2025/04/21 10:39:22.390 SKQuoteLib_GetBest5LONG ( 0 , 29090 )
[2768] 2025/04/21 10:39:22.413 SKQuoteLib_GetBest5LONG ( 0 , 29090 )
[2768] 2025/04/21 10:39:22.898 SKQuoteLib_GetBest5LONG ( 0 , 29090 )
[2768] 2025/04/21 10:39:23.443 SKQuoteLib_GetBest5LONG ( 0 , 29090 )
[2768] 2025/04/21 10:39:23.922 SKQuoteLib_GetBest5LONG ( 0 , 29090 )
[2768] 2025/04/21 10:39:24.063 SKQuoteLib_GetBest5LONG ( 0 , 29090 )
[2768] 2025/04/21 10:39:24.120 SKQuoteLib_GetBest5LONG ( 0 , 29090 )
[2768] 2025/04/21 10:39:24.162 SKQuoteLib_GetBest5LONG ( 0 , 29090 )
[2768] 2025/04/21 10:39:24.833 SKQuoteLib_GetBest5LONG ( 0 , 29090 )
[2768] 2025/04/21 10:39:25.100 SKQuoteLib_GetBest5LONG ( 0 , 29090 )
[2768] 2025/04/21 10:39:25.629 SKQuoteLib_GetBest5LONG ( 0 , 29090 )
[2768] 2025/04/21 10:39:26.310 SKQuoteLib_GetBest5LONG ( 0 , 29090 )
[2768] 2025/04/21 10:39:26.351 SKQuoteLib_GetBest5LONG ( 0 , 29090 )
[2768] 2025/04/21 10:39:26.363 SKQuoteLib_GetBest5LONG ( 0 , 29090 )
[2768] 2025/04/21 10:39:26.675 SKQuoteLib_GetBest5LONG ( 0 , 29090 )
[2768] 2025/04/21 10:39:27.119 SKQuoteLib_GetBest5LONG ( 0 , 29090 )
[2768] 2025/04/21 10:39:27.200 SKQuoteLib_GetBest5LONG ( 0 , 29090 )
[2768] 2025/04/21 10:39:27.218 SKQuoteLib_GetBest5LONG ( 0 , 29090 )
[2768] 2025/04/21 10:39:27.875 SKQuoteLib_GetBest5LONG ( 0 , 29090 )
[2768] 2025/04/21 10:39:29.222 SKQuoteLib_GetBest5LONG ( 0 , 29090 )
[2768] 2025/04/21 10:39:29.302 SKQuoteLib_GetBest5LONG ( 0 , 29090 )
[2768] 2025/04/21 10:39:29.312 SKQuoteLib_GetBest5LONG ( 0 , 29090 )
[2768] 2025/04/21 10:39:29.578 SKQuoteLib_GetBest5LONG ( 0 , 29090 )
[2768] 2025/04/21 10:39:29.742 SKQuoteLib_GetBest5LONG ( 0 , 29090 )
[2768] 2025/04/21 10:39:30.005 SKQuoteLib_GetBest5LONG ( 0 , 29090 )
[2768] 2025/04/21 10:39:30.296 SKQuoteLib_GetBest5LONG ( 0 , 29090 )
[2768] 2025/04/21 10:39:30.545 SKQuoteLib_GetBest5LONG ( 0 , 29090 )
[2768] 2025/04/21 10:39:30.711 SKQuoteLib_GetBest5LONG ( 0 , 29090 )
[2768] 2025/04/21 10:39:30.779 SKQuoteLib_GetBest5LONG ( 0 , 29090 )
[2768] 2025/04/21 10:39:31.137 SKQuoteLib_GetBest5LONG ( 0 , 29090 )
[2768] 2025/04/21 10:39:31.283 SKQuoteLib_GetBest5LONG ( 0 , 29090 )
[2768] 2025/04/21 10:39:31.342 SKQuoteLib_GetBest5LONG ( 0 , 29090 )
[2768] 2025/04/21 10:39:31.508 SKQuoteLib_GetBest5LONG ( 0 , 29090 )
[2768] 2025/04/21 10:39:31.631 SKQuoteLib_GetBest5LONG ( 0 , 29090 )
[2768] 2025/04/21 10:39:31.822 SKQuoteLib_GetBest5LONG ( 0 , 29090 )
[2768] 2025/04/21 10:39:32.316 SKQuoteLib_GetBest5LONG ( 0 , 29090 )
[2768] 2025/04/21 10:39:32.629 SKQuoteLib_GetBest5LONG ( 0 , 29090 )
[2768] 2025/04/21 10:39:33.177 SKQuoteLib_GetBest5LONG ( 0 , 29090 )
[2768] 2025/04/21 10:39:33.340 SKQuoteLib_GetBest5LONG ( 0 , 29090 )
[2768] 2025/04/21 10:39:33.683 SKQuoteLib_GetBest5LONG ( 0 , 29090 )
[2768] 2025/04/21 10:39:34.179 SKQuoteLib_GetBest5LONG ( 0 , 29090 )
[2768] 2025/04/21 10:39:34.399 SKQuoteLib_GetBest5LONG ( 0 , 29090 )
[2768] 2025/04/21 10:39:35.434 SKQuoteLib_GetBest5LONG ( 0 , 29090 )
[2768] 2025/04/21 10:39:35.520 SKQuoteLib_GetBest5LONG ( 0 , 29090 )
[2768] 2025/04/21 10:39:35.893 SKQuoteLib_GetBest5LONG ( 0 , 29090 )
[2768] 2025/04/21 10:39:36.022 SKQuoteLib_GetBest5LONG ( 0 , 29090 )
[2768] 2025/04/21 10:39:36.318 SKQuoteLib_GetBest5LONG ( 0 , 29090 )
[2768] 2025/04/21 10:39:36.843 SKQuoteLib_GetBest5LONG ( 0 , 29090 )
[2768] 2025/04/21 10:39:37.582 SKQuoteLib_GetBest5LONG ( 0 , 29090 )
[2768] 2025/04/21 10:39:38.213 SKQuoteLib_GetBest5LONG ( 0 , 29090 )
[2768] 2025/04/21 10:39:38.264 SKQuoteLib_GetBest5LONG ( 0 , 29090 )
[2768] 2025/04/21 10:39:38.987 SKQuoteLib_GetBest5LONG ( 0 , 29090 )
[2768] 2025/04/21 10:39:39.289 SKQuoteLib_GetBest5LONG ( 0 , 29090 )
[2768] 2025/04/21 10:39:39.751 SKQuoteLib_GetBest5LONG ( 0 , 29090 )
[2768] 2025/04/21 10:39:39.896 SKQuoteLib_GetBest5LONG ( 0 , 29090 )
[2768] 2025/04/21 10:39:39.947 SKQuoteLib_GetBest5LONG ( 0 , 29090 )
[2768] 2025/04/21 10:39:39.962 SKQuoteLib_GetBest5LONG ( 0 , 29090 )
[2768] 2025/04/21 10:39:40.418 SKQuoteLib_GetBest5LONG ( 0 , 29090 )
[2768] 2025/04/21 10:39:40.488 SKQuoteLib_GetBest5LONG ( 0 , 29090 )
[2768] 2025/04/21 10:39:40.794 SKQuoteLib_GetBest5LONG ( 0 , 29090 )
[2768] 2025/04/21 10:39:41.591 SKQuoteLib_GetBest5LONG ( 0 , 29090 )
[2768] 2025/04/21 10:39:41.627 SKQuoteLib_GetBest5LONG ( 0 , 29090 )
[2768] 2025/04/21 10:39:41.674 SKQuoteLib_GetBest5LONG ( 0 , 29090 )
[2768] 2025/04/21 10:39:41.976 SKQuoteLib_GetBest5LONG ( 0 , 29090 )
[2768] 2025/04/21 10:39:42.083 SKQuoteLib_GetBest5LONG ( 0 , 29090 )
[2768] 2025/04/21 10:39:42.111 SKQuoteLib_GetBest5LONG ( 0 , 29090 )
[2768] 2025/04/21 10:39:42.271 SKQuoteLib_GetBest5LONG ( 0 , 29090 )
[2768] 2025/04/21 10:39:42.614 SKQuoteLib_GetBest5LONG ( 0 , 29090 )
[2768] 2025/04/21 10:39:42.663 SKQuoteLib_GetBest5LONG ( 0 , 29090 )
[2768] 2025/04/21 10:39:42.869 SKQuoteLib_GetBest5LONG ( 0 , 29090 )
[2768] 2025/04/21 10:39:43.025 SKQuoteLib_GetBest5LONG ( 0 , 29090 )
[2768] 2025/04/21 10:39:43.077 SKQuoteLib_GetBest5LONG ( 0 , 29090 )
[2768] 2025/04/21 10:39:43.118 SKQuoteLib_GetBest5LONG ( 0 , 29090 )
[2768] 2025/04/21 10:39:43.251 SKQuoteLib_GetBest5LONG ( 0 , 29090 )
[2768] 2025/04/21 10:39:43.724 SKQuoteLib_GetBest5LONG ( 0 , 29090 )
[2768] 2025/04/21 10:39:43.985 SKQuoteLib_GetBest5LONG ( 0 , 29090 )
[2768] 2025/04/21 10:39:44.148 SKQuoteLib_GetBest5LONG ( 0 , 29090 )
[2768] 2025/04/21 10:39:44.701 SKQuoteLib_GetBest5LONG ( 0 , 29090 )
[2768] 2025/04/21 10:39:45.101 SKQuoteLib_GetBest5LONG ( 0 , 29090 )
[2768] 2025/04/21 10:39:45.136 SKQuoteLib_GetBest5LONG ( 0 , 29090 )
[2768] 2025/04/21 10:39:45.761 SKQuoteLib_GetBest5LONG ( 0 , 29090 )
[2768] 2025/04/21 10:39:46.314 SKQuoteLib_GetBest5LONG ( 0 , 29090 )
[2768] 2025/04/21 10:39:46.560 SKQuoteLib_GetBest5LONG ( 0 , 29090 )
[2768] 2025/04/21 10:39:46.920 SKQuoteLib_GetBest5LONG ( 0 , 29090 )
[2768] 2025/04/21 10:39:46.962 SKQuoteLib_GetBest5LONG ( 0 , 29090 )
[2768] 2025/04/21 10:39:47.130 SKQuoteLib_GetBest5LONG ( 0 , 29090 )
[2768] 2025/04/21 10:39:47.440 SKQuoteLib_GetBest5LONG ( 0 , 29090 )
[2768] 2025/04/21 10:39:47.679 SKQuoteLib_GetBest5LONG ( 0 , 29090 )
[2768] 2025/04/21 10:39:47.969 SKQuoteLib_GetBest5LONG ( 0 , 29090 )
[2768] 2025/04/21 10:39:48.564 SKQuoteLib_GetBest5LONG ( 0 , 29090 )
[2768] 2025/04/21 10:39:48.671 SKQuoteLib_GetBest5LONG ( 0 , 29090 )
[2768] 2025/04/21 10:39:48.759 SKQuoteLib_GetBest5LONG ( 0 , 29090 )
[2768] 2025/04/21 10:39:49.310 SKQuoteLib_GetBest5LONG ( 0 , 29090 )
[2768] 2025/04/21 10:39:49.350 SKQuoteLib_GetBest5LONG ( 0 , 29090 )
[2768] 2025/04/21 10:39:50.301 SKQuoteLib_GetBest5LONG ( 0 , 29090 )
[2768] 2025/04/21 10:39:50.433 SKQuoteLib_GetBest5LONG ( 0 , 29090 )
[2768] 2025/04/21 10:39:50.500 SKQuoteLib_GetBest5LONG ( 0 , 29090 )
[2768] 2025/04/21 10:39:50.974 SKQuoteLib_GetBest5LONG ( 0 , 29090 )
[2768] 2025/04/21 10:39:51.078 SKQuoteLib_GetBest5LONG ( 0 , 29090 )
[2768] 2025/04/21 10:39:51.111 SKQuoteLib_GetBest5LONG ( 0 , 29090 )
[2768] 2025/04/21 10:39:51.264 SKQuoteLib_GetBest5LONG ( 0 , 29090 )
[2768] 2025/04/21 10:39:51.746 SKQuoteLib_GetBest5LONG ( 0 , 29090 )
[2768] 2025/04/21 10:39:51.981 SKQuoteLib_GetBest5LONG ( 0 , 29090 )
[2768] 2025/04/21 10:39:52.034 SKQuoteLib_GetBest5LONG ( 0 , 29090 )
[2768] 2025/04/21 10:39:52.065 SKQuoteLib_GetBest5LONG ( 0 , 29090 )
[2768] 2025/04/21 10:39:52.382 SKQuoteLib_GetBest5LONG ( 0 , 29090 )
[2768] 2025/04/21 10:39:53.695 SKQuoteLib_GetBest5LONG ( 0 , 29090 )
[2768] 2025/04/21 10:39:53.712 SKQuoteLib_GetBest5LONG ( 0 , 29090 )
[2768] 2025/04/21 10:39:53.762 SKQuoteLib_GetBest5LONG ( 0 , 29090 )
[2768] 2025/04/21 10:39:55.629 SKQuoteLib_GetBest5LONG ( 0 , 29090 )
[2768] 2025/04/21 10:39:55.663 SKQuoteLib_GetBest5LONG ( 0 , 29090 )
[2768] 2025/04/21 10:39:55.725 SKQuoteLib_GetBest5LONG ( 0 , 29090 )
[2768] 2025/04/21 10:39:55.814 SKQuoteLib_GetBest5LONG ( 0 , 29090 )
[2768] 2025/04/21 10:39:55.876 SKQuoteLib_GetBest5LONG ( 0 , 29090 )
[2768] 2025/04/21 10:39:56.423 SKQuoteLib_GetBest5LONG ( 0 , 29090 )
[2768] 2025/04/21 10:39:56.944 SKQuoteLib_GetBest5LONG ( 0 , 29090 )
[2768] 2025/04/21 10:39:57.100 SKQuoteLib_GetBest5LONG ( 0 , 29090 )
[2768] 2025/04/21 10:39:57.945 SKQuoteLib_GetBest5LONG ( 0 , 29090 )
[2768] 2025/04/21 10:39:57.974 SKQuoteLib_GetBest5LONG ( 0 , 29090 )
[2768] 2025/04/21 10:39:58.013 SKQuoteLib_GetBest5LONG ( 0 , 29090 )
[2768] 2025/04/21 10:39:58.148 SKQuoteLib_GetBest5LONG ( 0 , 29090 )
[2768] 2025/04/21 10:39:58.479 SKQuoteLib_GetBest5LONG ( 0 , 29090 )
[2768] 2025/04/21 10:39:58.757 SKQuoteLib_GetBest5LONG ( 0 , 29090 )
[2768] 2025/04/21 10:39:58.793 SKQuoteLib_GetBest5LONG ( 0 , 29090 )
[2768] 2025/04/21 10:39:59.538 SKQuoteLib_GetBest5LONG ( 0 , 29090 )
[2768] 2025/04/21 10:39:59.740 SKQuoteLib_GetBest5LONG ( 0 , 29090 )
[2768] 2025/04/21 10:39:59.779 SKQuoteLib_GetBest5LONG ( 0 , 29090 )
[2768] 2025/04/21 10:39:59.958 SKQuoteLib_GetBest5LONG ( 0 , 29090 )
[2768] 2025/04/21 10:40:00.178 SKQuoteLib_GetBest5LONG ( 0 , 29090 )
[2768] 2025/04/21 10:40:00.355 SKQuoteLib_GetBest5LONG ( 0 , 29090 )
[2768] 2025/04/21 10:40:00.508 SKQuoteLib_GetBest5LONG ( 0 , 29090 )
[2768] 2025/04/21 10:40:00.915 SKQuoteLib_GetBest5LONG ( 0 , 29090 )
[2768] 2025/04/21 10:40:01.396 SKQuoteLib_GetBest5LONG ( 0 , 29090 )
[2768] 2025/04/21 10:40:02.424 SKQuoteLib_GetBest5LONG ( 0 , 29090 )
[2768] 2025/04/21 10:40:02.814 SKQuoteLib_GetBest5LONG ( 0 , 29090 )
[2768] 2025/04/21 10:40:02.853 SKQuoteLib_GetBest5LONG ( 0 , 29090 )
[2768] 2025/04/21 10:40:03.143 SKQuoteLib_GetBest5LONG ( 0 , 29090 )
[2768] 2025/04/21 10:40:03.495 SKQuoteLib_GetBest5LONG ( 0 , 29090 )
[2768] 2025/04/21 10:40:03.644 SKQuoteLib_GetBest5LONG ( 0 , 29090 )
[2768] 2025/04/21 10:40:03.670 SKQuoteLib_GetBest5LONG ( 0 , 29090 )
[2768] 2025/04/21 10:40:03.922 SKQuoteLib_GetBest5LONG ( 0 , 29090 )
[2768] 2025/04/21 10:40:04.005 SKQuoteLib_GetBest5LONG ( 0 , 29090 )
[2768] 2025/04/21 10:40:04.654 SKQuoteLib_GetBest5LONG ( 0 , 29090 )
[2768] 2025/04/21 10:40:05.734 SKQuoteLib_GetBest5LONG ( 0 , 29090 )
[2768] 2025/04/21 10:40:05.949 SKQuoteLib_GetBest5LONG ( 0 , 29090 )
[2768] 2025/04/21 10:40:06.050 SKQuoteLib_GetBest5LONG ( 0 , 29090 )
[2768] 2025/04/21 10:40:06.140 SKQuoteLib_GetBest5LONG ( 0 , 29090 )
[2768] 2025/04/21 10:40:06.232 SKQuoteLib_GetBest5LONG ( 0 , 29090 )
[2768] 2025/04/21 10:40:06.388 SKQuoteLib_GetBest5LONG ( 0 , 29090 )
[2768] 2025/04/21 10:40:06.437 SKQuoteLib_GetBest5LONG ( 0 , 29090 )
[2768] 2025/04/21 10:40:06.692 SKQuoteLib_GetBest5LONG ( 0 , 29090 )
[2768] 2025/04/21 10:40:06.847 SKQuoteLib_GetBest5LONG ( 0 , 29090 )
[2768] 2025/04/21 10:40:07.256 SKQuoteLib_GetBest5LONG ( 0 , 29090 )
[2768] 2025/04/21 10:40:07.331 SKQuoteLib_GetBest5LONG ( 0 , 29090 )
[2768] 2025/04/21 10:40:07.371 SKQuoteLib_GetBest5LONG ( 0 , 29090 )
[2768] 2025/04/21 10:40:07.737 SKQuoteLib_GetBest5LONG ( 0 , 29090 )
[2768] 2025/04/21 10:40:07.792 SKQuoteLib_GetBest5LONG ( 0 , 29090 )
[2768] 2025/04/21 10:40:08.177 SKQuoteLib_GetBest5LONG ( 0 , 29090 )
[2768] 2025/04/21 10:40:08.261 SKQuoteLib_GetBest5LONG ( 0 , 29090 )
[2768] 2025/04/21 10:40:09.136 SKQuoteLib_GetBest5LONG ( 0 , 29090 )
[2768] 2025/04/21 10:40:09.161 SKQuoteLib_GetBest5LONG ( 0 , 29090 )
[2768] 2025/04/21 10:40:09.211 SKQuoteLib_GetBest5LONG ( 0 , 29090 )
[2768] 2025/04/21 10:40:09.716 SKQuoteLib_GetBest5LONG ( 0 , 29090 )
[2768] 2025/04/21 10:40:09.760 SKQuoteLib_GetBest5LONG ( 0 , 29090 )
[2768] 2025/04/21 10:40:10.198 SKQuoteLib_GetBest5LONG ( 0 , 29090 )
[2768] 2025/04/21 10:40:10.801 SKQuoteLib_GetBest5LONG ( 0 , 29090 )
[2768] 2025/04/21 10:40:10.892 SKQuoteLib_GetBest5LONG ( 0 , 29090 )
[2768] 2025/04/21 10:40:10.966 SKQuoteLib_GetBest5LONG ( 0 , 29090 )
[2768] 2025/04/21 10:40:11.017 SKQuoteLib_GetBest5LONG ( 0 , 29090 )
[2768] 2025/04/21 10:40:11.201 SKQuoteLib_GetBest5LONG ( 0 , 29090 )
[2768] 2025/04/21 10:40:11.370 SKQuoteLib_GetBest5LONG ( 0 , 29090 )
[2768] 2025/04/21 10:40:12.541 SKQuoteLib_GetBest5LONG ( 0 , 29090 )
[2768] 2025/04/21 10:40:12.600 SKQuoteLib_GetBest5LONG ( 0 , 29090 )
[2768] 2025/04/21 10:40:13.238 SKQuoteLib_GetBest5LONG ( 0 , 29090 )
[2768] 2025/04/21 10:40:13.484 SKQuoteLib_GetBest5LONG ( 0 , 29090 )
[2768] 2025/04/21 10:40:13.600 SKQuoteLib_GetBest5LONG ( 0 , 29090 )
[2768] 2025/04/21 10:40:13.738 SKQuoteLib_GetBest5LONG ( 0 , 29090 )
[2768] 2025/04/21 10:40:14.026 SKQuoteLib_GetBest5LONG ( 0 , 29090 )
[2768] 2025/04/21 10:40:14.648 SKQuoteLib_GetBest5LONG ( 0 , 29090 )
[2768] 2025/04/21 10:40:14.856 SKQuoteLib_GetBest5LONG ( 0 , 29090 )
[2768] 2025/04/21 10:40:15.318 SKQuoteLib_GetBest5LONG ( 0 , 29090 )
[2768] 2025/04/21 10:40:15.798 SKQuoteLib_GetBest5LONG ( 0 , 29090 )
[2768] 2025/04/21 10:40:15.868 SKQuoteLib_GetBest5LONG ( 0 , 29090 )
[2768] 2025/04/21 10:40:16.071 SKQuoteLib_GetBest5LONG ( 0 , 29090 )
[2768] 2025/04/21 10:40:16.254 SKQuoteLib_GetBest5LONG ( 0 , 29090 )
[2768] 2025/04/21 10:40:16.379 SKQuoteLib_GetBest5LONG ( 0 , 29090 )
[2768] 2025/04/21 10:40:16.554 SKQuoteLib_GetBest5LONG ( 0 , 29090 )
[2768] 2025/04/21 10:40:16.631 SKQuoteLib_GetBest5LONG ( 0 , 29090 )
[2768] 2025/04/21 10:40:16.838 SKQuoteLib_GetBest5LONG ( 0 , 29090 )
[2768] 2025/04/21 10:40:17.096 SKQuoteLib_GetBest5LONG ( 0 , 29090 )
[2768] 2025/04/21 10:40:17.493 SKQuoteLib_GetBest5LONG ( 0 , 29090 )
[2768] 2025/04/21 10:40:18.507 SKQuoteLib_GetBest5LONG ( 0 , 29090 )
[2768] 2025/04/21 10:40:18.607 SKQuoteLib_GetBest5LONG ( 0 , 29090 )
[2768] 2025/04/21 10:40:18.762 SKQuoteLib_GetBest5LONG ( 0 , 29090 )
[2768] 2025/04/21 10:40:19.195 SKQuoteLib_GetBest5LONG ( 0 , 29090 )
[2768] 2025/04/21 10:40:19.572 SKQuoteLib_GetBest5LONG ( 0 , 29090 )
[2768] 2025/04/21 10:40:19.977 SKQuoteLib_GetBest5LONG ( 0 , 29090 )
[2768] 2025/04/21 10:40:20.556 SKQuoteLib_GetBest5LONG ( 0 , 29090 )
[2768] 2025/04/21 10:40:20.710 SKQuoteLib_GetBest5LONG ( 0 , 29090 )
[2768] 2025/04/21 10:40:20.782 SKQuoteLib_GetBest5LONG ( 0 , 29090 )
[2768] 2025/04/21 10:40:20.977 SKQuoteLib_GetBest5LONG ( 0 , 29090 )
[2768] 2025/04/21 10:40:21.605 SKQuoteLib_GetBest5LONG ( 0 , 29090 )
[2768] 2025/04/21 10:40:21.903 SKQuoteLib_GetBest5LONG ( 0 , 29090 )
[2768] 2025/04/21 10:40:22.008 SKQuoteLib_GetBest5LONG ( 0 , 29090 )
[2768] 2025/04/21 10:40:22.044 SKQuoteLib_GetBest5LONG ( 0 , 29090 )
[2768] 2025/04/21 10:40:22.346 SKQuoteLib_GetBest5LONG ( 0 , 29090 )
[2768] 2025/04/21 10:40:22.845 SKQuoteLib_GetBest5LONG ( 0 , 29090 )
[2768] 2025/04/21 10:40:22.960 SKQuoteLib_GetBest5LONG ( 0 , 29090 )
[2768] 2025/04/21 10:40:23.411 SKQuoteLib_GetBest5LONG ( 0 , 29090 )
[2768] 2025/04/21 10:40:23.887 SKQuoteLib_GetBest5LONG ( 0 , 29090 )
[2768] 2025/04/21 10:40:24.313 SKQuoteLib_GetBest5LONG ( 0 , 29090 )
[2768] 2025/04/21 10:40:24.403 SKQuoteLib_GetBest5LONG ( 0 , 29090 )
[2768] 2025/04/21 10:40:25.192 SKQuoteLib_GetBest5LONG ( 0 , 29090 )
[2768] 2025/04/21 10:40:25.741 SKQuoteLib_GetBest5LONG ( 0 , 29090 )
[2768] 2025/04/21 10:40:25.864 SKQuoteLib_GetBest5LONG ( 0 , 29090 )
[2768] 2025/04/21 10:40:26.136 SKQuoteLib_GetBest5LONG ( 0 , 29090 )
[2768] 2025/04/21 10:40:26.199 SKQuoteLib_GetBest5LONG ( 0 , 29090 )
[2768] 2025/04/21 10:40:26.965 SKQuoteLib_GetBest5LONG ( 0 , 29090 )
[2768] 2025/04/21 10:40:27.027 SKQuoteLib_GetBest5LONG ( 0 , 29090 )
[2768] 2025/04/21 10:40:27.080 SKQuoteLib_GetBest5LONG ( 0 , 29090 )
[2768] 2025/04/21 10:40:27.144 SKQuoteLib_GetBest5LONG ( 0 , 29090 )
[2768] 2025/04/21 10:40:27.389 SKQuoteLib_GetBest5LONG ( 0 , 29090 )
[2768] 2025/04/21 10:40:27.642 SKQuoteLib_GetBest5LONG ( 0 , 29090 )
[2768] 2025/04/21 10:40:27.881 SKQuoteLib_GetBest5LONG ( 0 , 29090 )
[2768] 2025/04/21 10:40:29.004 SKQuoteLib_GetBest5LONG ( 0 , 29090 )
[2768] 2025/04/21 10:40:29.243 SKQuoteLib_GetBest5LONG ( 0 , 29090 )
[2768] 2025/04/21 10:40:29.346 SKQuoteLib_GetBest5LONG ( 0 , 29090 )
[2768] 2025/04/21 10:40:30.213 SKQuoteLib_GetBest5LONG ( 0 , 29090 )
[2768] 2025/04/21 10:40:30.324 SKQuoteLib_GetBest5LONG ( 0 , 29090 )
[2768] 2025/04/21 10:40:30.449 SKQuoteLib_GetBest5LONG ( 0 , 29090 )
[2768] 2025/04/21 10:40:30.562 SKQuoteLib_GetBest5LONG ( 0 , 29090 )
[2768] 2025/04/21 10:40:30.759 SKQuoteLib_GetBest5LONG ( 0 , 29090 )
[2768] 2025/04/21 10:40:30.837 SKQuoteLib_GetBest5LONG ( 0 , 29090 )
[2768] 2025/04/21 10:40:31.262 SKQuoteLib_GetBest5LONG ( 0 , 29090 )
[2768] 2025/04/21 10:40:32.764 SKQuoteLib_GetBest5LONG ( 0 , 29090 )
[2768] 2025/04/21 10:40:33.339 SKQuoteLib_GetBest5LONG ( 0 , 29090 )
[2768] 2025/04/21 10:40:33.365 SKQuoteLib_GetBest5LONG ( 0 , 29090 )
[2768] 2025/04/21 10:40:33.703 SKQuoteLib_GetBest5LONG ( 0 , 29090 )
[2768] 2025/04/21 10:40:33.930 SKQuoteLib_GetBest5LONG ( 0 , 29090 )
[2768] 2025/04/21 10:40:34.032 SKQuoteLib_GetBest5LONG ( 0 , 29090 )
[2768] 2025/04/21 10:40:34.412 SKQuoteLib_GetBest5LONG ( 0 , 29090 )
[2768] 2025/04/21 10:40:34.832 SKQuoteLib_GetBest5LONG ( 0 , 29090 )
[2768] 2025/04/21 10:40:35.071 SKQuoteLib_GetBest5LONG ( 0 , 29090 )
[2768] 2025/04/21 10:40:35.809 SKQuoteLib_GetBest5LONG ( 0 , 29090 )
[2768] 2025/04/21 10:40:35.926 SKQuoteLib_GetBest5LONG ( 0 , 29090 )
[2768] 2025/04/21 10:40:36.694 SKQuoteLib_GetBest5LONG ( 0 , 29090 )
[2768] 2025/04/21 10:40:36.768 SKQuoteLib_GetBest5LONG ( 0 , 29090 )
[2768] 2025/04/21 10:40:36.810 SKQuoteLib_GetBest5LONG ( 0 , 29090 )
[2768] 2025/04/21 10:40:37.374 SKQuoteLib_GetBest5LONG ( 0 , 29090 )
[2768] 2025/04/21 10:40:37.771 SKQuoteLib_GetBest5LONG ( 0 , 29090 )
[2768] 2025/04/21 10:40:37.910 SKQuoteLib_GetBest5LONG ( 0 , 29090 )
[2768] 2025/04/21 10:40:37.962 SKQuoteLib_GetBest5LONG ( 0 , 29090 )
[2768] 2025/04/21 10:40:38.308 SKQuoteLib_GetBest5LONG ( 0 , 29090 )
[2768] 2025/04/21 10:40:40.113 SKQuoteLib_GetBest5LONG ( 0 , 29090 )
[2768] 2025/04/21 10:40:40.160 SKQuoteLib_GetBest5LONG ( 0 , 29090 )
[2768] 2025/04/21 10:40:40.228 SKQuoteLib_GetBest5LONG ( 0 , 29090 )
[2768] 2025/04/21 10:40:40.681 SKQuoteLib_GetBest5LONG ( 0 , 29090 )
[2768] 2025/04/21 10:40:40.854 SKQuoteLib_GetBest5LONG ( 0 , 29090 )
[2768] 2025/04/21 10:40:41.131 SKQuoteLib_GetBest5LONG ( 0 , 29090 )
[2768] 2025/04/21 10:40:41.195 SKQuoteLib_GetBest5LONG ( 0 , 29090 )
[2768] 2025/04/21 10:40:42.413 SKQuoteLib_GetBest5LONG ( 0 , 29090 )
[2768] 2025/04/21 10:40:42.922 SKQuoteLib_GetBest5LONG ( 0 , 29090 )
[2768] 2025/04/21 10:40:43.082 SKQuoteLib_GetBest5LONG ( 0 , 29090 )
[2768] 2025/04/21 10:40:43.402 SKQuoteLib_GetBest5LONG ( 0 , 29090 )
[2768] 2025/04/21 10:40:43.683 SKQuoteLib_GetBest5LONG ( 0 , 29090 )
[2768] 2025/04/21 10:40:43.709 SKQuoteLib_GetBest5LONG ( 0 , 29090 )
[2768] 2025/04/21 10:40:44.522 SKQuoteLib_GetBest5LONG ( 0 , 29090 )
[2768] 2025/04/21 10:40:46.354 SKQuoteLib_GetBest5LONG ( 0 , 29090 )
[2768] 2025/04/21 10:40:46.866 SKQuoteLib_GetBest5LONG ( 0 , 29090 )
[2768] 2025/04/21 10:40:47.088 SKQuoteLib_GetBest5LONG ( 0 , 29090 )
[2768] 2025/04/21 10:40:47.706 SKQuoteLib_GetBest5LONG ( 0 , 29090 )
[2768] 2025/04/21 10:40:47.930 SKQuoteLib_GetBest5LONG ( 0 , 29090 )
[2768] 2025/04/21 10:40:48.214 SKQuoteLib_GetBest5LONG ( 0 , 29090 )
[2768] 2025/04/21 10:40:48.349 SKQuoteLib_GetBest5LONG ( 0 , 29090 )
[2768] 2025/04/21 10:40:48.803 SKQuoteLib_GetBest5LONG ( 0 , 29090 )
[2768] 2025/04/21 10:40:49.086 SKQuoteLib_GetBest5LONG ( 0 , 29090 )
[2768] 2025/04/21 10:40:49.252 SKQuoteLib_GetBest5LONG ( 0 , 29090 )
[2768] 2025/04/21 10:40:49.368 SKQuoteLib_GetBest5LONG ( 0 , 29090 )
[2768] 2025/04/21 10:40:49.728 SKQuoteLib_GetBest5LONG ( 0 , 29090 )
[2768] 2025/04/21 10:40:49.810 SKQuoteLib_GetBest5LONG ( 0 , 29090 )
[2768] 2025/04/21 10:40:50.415 SKQuoteLib_GetBest5LONG ( 0 , 29090 )
[2768] 2025/04/21 10:40:50.556 SKQuoteLib_GetBest5LONG ( 0 , 29090 )
[2768] 2025/04/21 10:40:50.987 SKQuoteLib_GetBest5LONG ( 0 , 29090 )
[2768] 2025/04/21 10:40:51.236 SKQuoteLib_GetBest5LONG ( 0 , 29090 )
[2768] 2025/04/21 10:40:51.491 SKQuoteLib_GetBest5LONG ( 0 , 29090 )
[2768] 2025/04/21 10:40:51.864 SKQuoteLib_GetBest5LONG ( 0 , 29090 )
[2768] 2025/04/21 10:40:52.150 SKQuoteLib_GetBest5LONG ( 0 , 29090 )
[2768] 2025/04/21 10:40:52.748 SKQuoteLib_GetBest5LONG ( 0 , 29090 )
[2768] 2025/04/21 10:40:53.178 SKQuoteLib_GetBest5LONG ( 0 , 29090 )
[2768] 2025/04/21 10:40:53.408 SKQuoteLib_GetBest5LONG ( 0 , 29090 )
[2768] 2025/04/21 10:40:54.346 SKQuoteLib_GetBest5LONG ( 0 , 29090 )
[2768] 2025/04/21 10:40:54.506 SKQuoteLib_GetBest5LONG ( 0 , 29090 )
[2768] 2025/04/21 10:40:54.617 SKQuoteLib_GetBest5LONG ( 0 , 29090 )
[2768] 2025/04/21 10:40:54.773 SKQuoteLib_GetBest5LONG ( 0 , 29090 )
[2768] 2025/04/21 10:40:55.261 SKQuoteLib_GetBest5LONG ( 0 , 29090 )
[2768] 2025/04/21 10:40:55.270 SKQuoteLib_GetBest5LONG ( 0 , 29090 )
[2768] 2025/04/21 10:40:55.311 SKQuoteLib_GetBest5LONG ( 0 , 29090 )
[2768] 2025/04/21 10:40:56.668 SKQuoteLib_GetBest5LONG ( 0 , 29090 )
[2768] 2025/04/21 10:40:56.747 SKQuoteLib_GetBest5LONG ( 0 , 29090 )
[2768] 2025/04/21 10:40:57.592 SKQuoteLib_GetBest5LONG ( 0 , 29090 )
[2768] 2025/04/21 10:40:57.899 SKQuoteLib_GetBest5LONG ( 0 , 29090 )
[2768] 2025/04/21 10:40:58.054 SKQuoteLib_GetBest5LONG ( 0 , 29090 )
[2768] 2025/04/21 10:40:59.619 SKQuoteLib_GetBest5LONG ( 0 , 29090 )
[2768] 2025/04/21 10:41:00.116 SKQuoteLib_GetBest5LONG ( 0 , 29090 )
[2768] 2025/04/21 10:41:00.239 SKQuoteLib_GetBest5LONG ( 0 , 29090 )
[2768] 2025/04/21 10:41:00.298 SKQuoteLib_GetBest5LONG ( 0 , 29090 )
[2768] 2025/04/21 10:41:00.315 SKQuoteLib_GetBest5LONG ( 0 , 29090 )
[2768] 2025/04/21 10:41:00.617 SKQuoteLib_GetBest5LONG ( 0 , 29090 )
[2768] 2025/04/21 10:41:00.990 SKQuoteLib_GetBest5LONG ( 0 , 29090 )
[2768] 2025/04/21 10:41:01.907 SKQuoteLib_GetBest5LONG ( 0 , 29090 )
[2768] 2025/04/21 10:41:02.554 SKQuoteLib_GetBest5LONG ( 0 , 29090 )
[2768] 2025/04/21 10:41:02.796 SKQuoteLib_GetBest5LONG ( 0 , 29090 )
[2768] 2025/04/21 10:41:03.371 SKQuoteLib_GetBest5LONG ( 0 , 29090 )
[2768] 2025/04/21 10:41:03.711 SKQuoteLib_GetBest5LONG ( 0 , 29090 )
[2768] 2025/04/21 10:41:03.892 SKQuoteLib_GetBest5LONG ( 0 , 29090 )
[2768] 2025/04/21 10:41:03.928 SKQuoteLib_GetBest5LONG ( 0 , 29090 )
[2768] 2025/04/21 10:41:05.006 SKQuoteLib_GetBest5LONG ( 0 , 29090 )
[2768] 2025/04/21 10:41:05.550 SKQuoteLib_GetBest5LONG ( 0 , 29090 )
[2768] 2025/04/21 10:41:05.651 SKQuoteLib_GetBest5LONG ( 0 , 29090 )
[2768] 2025/04/21 10:41:05.662 SKQuoteLib_GetBest5LONG ( 0 , 29090 )
[2768] 2025/04/21 10:41:05.720 SKQuoteLib_GetBest5LONG ( 0 , 29090 )
[2768] 2025/04/21 10:41:05.777 SKQuoteLib_GetBest5LONG ( 0 , 29090 )
[2768] 2025/04/21 10:41:06.488 SKQuoteLib_GetBest5LONG ( 0 , 29090 )
[2768] 2025/04/21 10:41:06.587 SKQuoteLib_GetBest5LONG ( 0 , 29090 )
[2768] 2025/04/21 10:41:06.747 SKQuoteLib_GetBest5LONG ( 0 , 29090 )
[2768] 2025/04/21 10:41:07.201 SKQuoteLib_GetBest5LONG ( 0 , 29090 )
[2768] 2025/04/21 10:41:07.436 SKQuoteLib_GetBest5LONG ( 0 , 29090 )
[2768] 2025/04/21 10:41:07.467 SKQuoteLib_GetBest5LONG ( 0 , 29090 )
[2768] 2025/04/21 10:41:07.752 SKQuoteLib_GetBest5LONG ( 0 , 29090 )
[2768] 2025/04/21 10:41:07.771 SKQuoteLib_GetBest5LONG ( 0 , 29090 )
[2768] 2025/04/21 10:41:07.808 SKQuoteLib_GetBest5LONG ( 0 , 29090 )
[2768] 2025/04/21 10:41:08.110 SKQuoteLib_GetBest5LONG ( 0 , 29090 )
[2768] 2025/04/21 10:41:08.162 SKQuoteLib_GetBest5LONG ( 0 , 29090 )
[2768] 2025/04/21 10:41:08.295 SKQuoteLib_GetBest5LONG ( 0 , 29090 )
[2768] 2025/04/21 10:41:08.387 SKQuoteLib_GetBest5LONG ( 0 , 29090 )
[2768] 2025/04/21 10:41:08.436 SKQuoteLib_GetBest5LONG ( 0 , 29090 )
[2768] 2025/04/21 10:41:08.744 SKQuoteLib_GetBest5LONG ( 0 , 29090 )
[2768] 2025/04/21 10:41:08.857 SKQuoteLib_GetBest5LONG ( 0 , 29090 )
[2768] 2025/04/21 10:41:08.867 SKQuoteLib_GetBest5LONG ( 0 , 29090 )
[2768] 2025/04/21 10:41:08.908 SKQuoteLib_GetBest5LONG ( 0 , 29090 )
[2768] 2025/04/21 10:41:09.041 SKQuoteLib_GetBest5LONG ( 0 , 29090 )
[2768] 2025/04/21 10:41:09.141 SKQuoteLib_GetBest5LONG ( 0 , 29090 )
[2768] 2025/04/21 10:41:09.317 SKQuoteLib_GetBest5LONG ( 0 , 29090 )
[2768] 2025/04/21 10:41:09.367 SKQuoteLib_GetBest5LONG ( 0 , 29090 )
[2768] 2025/04/21 10:41:09.604 SKQuoteLib_GetBest5LONG ( 0 , 29090 )
[2768] 2025/04/21 10:41:09.822 SKQuoteLib_GetBest5LONG ( 0 , 29090 )
[2768] 2025/04/21 10:41:09.898 SKQuoteLib_GetBest5LONG ( 0 , 29090 )
[2768] 2025/04/21 10:41:09.933 SKQuoteLib_GetBest5LONG ( 0 , 29090 )
[2768] 2025/04/21 10:41:09.965 SKQuoteLib_GetBest5LONG ( 0 , 29090 )
[2768] 2025/04/21 10:41:10.134 SKQuoteLib_GetBest5LONG ( 0 , 29090 )
[2768] 2025/04/21 10:41:10.166 SKQuoteLib_GetBest5LONG ( 0 , 29090 )
[2768] 2025/04/21 10:41:10.210 SKQuoteLib_GetBest5LONG ( 0 , 29090 )
[2768] 2025/04/21 10:41:10.281 SKQuoteLib_GetBest5LONG ( 0 , 29090 )
[2768] 2025/04/21 10:41:10.319 SKQuoteLib_GetBest5LONG ( 0 , 29090 )
[2768] 2025/04/21 10:41:10.418 SKQuoteLib_GetBest5LONG ( 0 , 29090 )
[2768] 2025/04/21 10:41:11.048 SKQuoteLib_GetBest5LONG ( 0 , 29090 )
[2768] 2025/04/21 10:41:11.502 SKQuoteLib_GetBest5LONG ( 0 , 29090 )
[2768] 2025/04/21 10:41:11.876 SKQuoteLib_GetBest5LONG ( 0 , 29090 )
[2768] 2025/04/21 10:41:11.909 SKQuoteLib_GetBest5LONG ( 0 , 29090 )
[2768] 2025/04/21 10:41:12.234 SKQuoteLib_GetBest5LONG ( 0 , 29090 )
[2768] 2025/04/21 10:41:13.479 SKQuoteLib_GetBest5LONG ( 0 , 29090 )
[2768] 2025/04/21 10:41:13.691 SKQuoteLib_GetBest5LONG ( 0 , 29090 )
[2768] 2025/04/21 10:41:13.714 SKQuoteLib_GetBest5LONG ( 0 , 29090 )
[2768] 2025/04/21 10:41:13.903 SKQuoteLib_GetBest5LONG ( 0 , 29090 )
[2768] 2025/04/21 10:41:14.241 SKQuoteLib_GetBest5LONG ( 0 , 29090 )
[2768] 2025/04/21 10:41:14.285 SKQuoteLib_GetBest5LONG ( 0 , 29090 )
[2768] 2025/04/21 10:41:14.391 SKQuoteLib_GetBest5LONG ( 0 , 29090 )
[2768] 2025/04/21 10:41:14.810 SKQuoteLib_GetBest5LONG ( 0 , 29090 )
[2768] 2025/04/21 10:41:15.108 SKQuoteLib_GetBest5LONG ( 0 , 29090 )
[2768] 2025/04/21 10:41:15.480 SKQuoteLib_GetBest5LONG ( 0 , 29090 )
[2768] 2025/04/21 10:41:16.189 SKQuoteLib_GetBest5LONG ( 0 , 29090 )
[2768] 2025/04/21 10:41:16.426 SKQuoteLib_GetBest5LONG ( 0 , 29090 )
[2768] 2025/04/21 10:41:16.530 SKQuoteLib_GetBest5LONG ( 0 , 29090 )
[2768] 2025/04/21 10:41:16.639 SKQuoteLib_GetBest5LONG ( 0 , 29090 )
[2768] 2025/04/21 10:41:17.071 SKQuoteLib_GetBest5LONG ( 0 , 29090 )
[2768] 2025/04/21 10:41:17.143 SKQuoteLib_GetBest5LONG ( 0 , 29090 )
[2768] 2025/04/21 10:41:17.173 SKQuoteLib_GetBest5LONG ( 0 , 29090 )
[2768] 2025/04/21 10:41:17.316 SKQuoteLib_GetBest5LONG ( 0 , 29090 )
[2768] 2025/04/21 10:41:17.663 SKQuoteLib_GetBest5LONG ( 0 , 29090 )
[2768] 2025/04/21 10:41:18.203 SKQuoteLib_GetBest5LONG ( 0 , 29090 )
[2768] 2025/04/21 10:41:18.421 SKQuoteLib_GetBest5LONG ( 0 , 29090 )
[2768] 2025/04/21 10:41:18.458 SKQuoteLib_GetBest5LONG ( 0 , 29090 )
[2768] 2025/04/21 10:41:18.629 SKQuoteLib_GetBest5LONG ( 0 , 29090 )
[2768] 2025/04/21 10:41:18.747 SKQuoteLib_GetBest5LONG ( 0 , 29090 )
[2768] 2025/04/21 10:41:18.965 SKQuoteLib_GetBest5LONG ( 0 , 29090 )
[2768] 2025/04/21 10:41:19.215 SKQuoteLib_GetBest5LONG ( 0 , 29090 )
[2768] 2025/04/21 10:41:19.612 SKQuoteLib_GetBest5LONG ( 0 , 29090 )
[2768] 2025/04/21 10:41:19.629 SKQuoteLib_GetBest5LONG ( 0 , 29090 )
[2768] 2025/04/21 10:41:19.754 SKQuoteLib_GetBest5LONG ( 0 , 29090 )
[2768] 2025/04/21 10:41:19.786 SKQuoteLib_GetBest5LONG ( 0 , 29090 )
[2768] 2025/04/21 10:41:20.220 SKQuoteLib_GetBest5LONG ( 0 , 29090 )
[2768] 2025/04/21 10:41:20.263 SKQuoteLib_GetBest5LONG ( 0 , 29090 )
[2768] 2025/04/21 10:41:20.404 SKQuoteLib_GetBest5LONG ( 0 , 29090 )
[2768] 2025/04/21 10:41:20.615 SKQuoteLib_GetBest5LONG ( 0 , 29090 )
[2768] 2025/04/21 10:41:20.887 SKQuoteLib_GetBest5LONG ( 0 , 29090 )
[2768] 2025/04/21 10:41:22.004 SKQuoteLib_GetBest5LONG ( 0 , 29090 )
[2768] 2025/04/21 10:41:22.210 SKQuoteLib_GetBest5LONG ( 0 , 29090 )
[2768] 2025/04/21 10:41:22.239 SKQuoteLib_GetBest5LONG ( 0 , 29090 )
[2768] 2025/04/21 10:41:22.396 SKQuoteLib_GetBest5LONG ( 0 , 29090 )
[2768] 2025/04/21 10:41:22.602 SKQuoteLib_GetBest5LONG ( 0 , 29090 )
[2768] 2025/04/21 10:41:23.059 SKQuoteLib_GetBest5LONG ( 0 , 29090 )
[2768] 2025/04/21 10:41:23.794 SKQuoteLib_GetBest5LONG ( 0 , 29090 )
[2768] 2025/04/21 10:41:23.820 SKQuoteLib_GetBest5LONG ( 0 , 29090 )
[2768] 2025/04/21 10:41:23.858 SKQuoteLib_GetBest5LONG ( 0 , 29090 )
[2768] 2025/04/21 10:41:24.015 SKQuoteLib_GetBest5LONG ( 0 , 29090 )
[2768] 2025/04/21 10:41:24.329 SKQuoteLib_GetBest5LONG ( 0 , 29090 )
[2768] 2025/04/21 10:41:24.505 SKQuoteLib_GetBest5LONG ( 0 , 29090 )
[2768] 2025/04/21 10:41:24.916 SKQuoteLib_GetBest5LONG ( 0 , 29090 )
[2768] 2025/04/21 10:41:24.979 SKQuoteLib_GetBest5LONG ( 0 , 29090 )
[2768] 2025/04/21 10:41:25.324 SKQuoteLib_GetBest5LONG ( 0 , 29090 )
[2768] 2025/04/21 10:41:25.357 SKQuoteLib_GetBest5LONG ( 0 , 29090 )
[2768] 2025/04/21 10:41:25.807 SKQuoteLib_GetBest5LONG ( 0 , 29090 )
[2768] 2025/04/21 10:41:25.896 SKQuoteLib_GetBest5LONG ( 0 , 29090 )
[2768] 2025/04/21 10:41:25.959 SKQuoteLib_GetBest5LONG ( 0 , 29090 )
[2768] 2025/04/21 10:41:26.074 SKQuoteLib_GetBest5LONG ( 0 , 29090 )
[2768] 2025/04/21 10:41:26.470 SKQuoteLib_GetBest5LONG ( 0 , 29090 )
[2768] 2025/04/21 10:41:26.759 SKQuoteLib_GetBest5LONG ( 0 , 29090 )
[2768] 2025/04/21 10:41:27.432 SKQuoteLib_GetBest5LONG ( 0 , 29090 )
[2768] 2025/04/21 10:41:28.077 SKQuoteLib_GetBest5LONG ( 0 , 29090 )
[2768] 2025/04/21 10:41:28.199 SKQuoteLib_GetBest5LONG ( 0 , 29090 )
[2768] 2025/04/21 10:41:28.724 SKQuoteLib_GetBest5LONG ( 0 , 29090 )
[2768] 2025/04/21 10:41:28.823 SKQuoteLib_GetBest5LONG ( 0 , 29090 )
[2768] 2025/04/21 10:41:29.657 SKQuoteLib_GetBest5LONG ( 0 , 29090 )
[2768] 2025/04/21 10:41:30.550 SKQuoteLib_GetBest5LONG ( 0 , 29090 )
[2768] 2025/04/21 10:41:30.933 SKQuoteLib_GetBest5LONG ( 0 , 29090 )
[2768] 2025/04/21 10:41:31.445 SKQuoteLib_GetBest5LONG ( 0 , 29090 )
[2768] 2025/04/21 10:41:31.714 SKQuoteLib_GetBest5LONG ( 0 , 29090 )
[2768] 2025/04/21 10:41:33.040 SKQuoteLib_GetBest5LONG ( 0 , 29090 )
[2768] 2025/04/21 10:41:33.539 SKQuoteLib_GetBest5LONG ( 0 , 29090 )
[2768] 2025/04/21 10:41:33.604 SKQuoteLib_GetBest5LONG ( 0 , 29090 )
[2768] 2025/04/21 10:41:33.986 SKQuoteLib_GetBest5LONG ( 0 , 29090 )
[2768] 2025/04/21 10:41:34.087 SKQuoteLib_GetBest5LONG ( 0 , 29090 )
[2768] 2025/04/21 10:41:34.564 SKQuoteLib_GetBest5LONG ( 0 , 29090 )
[2768] 2025/04/21 10:41:34.731 SKQuoteLib_GetBest5LONG ( 0 , 29090 )
[2768] 2025/04/21 10:41:34.882 SKQuoteLib_GetBest5LONG ( 0 , 29090 )
[2768] 2025/04/21 10:41:37.056 SKQuoteLib_GetBest5LONG ( 0 , 29090 )
[2768] 2025/04/21 10:41:37.106 SKQuoteLib_GetBest5LONG ( 0 , 29090 )
[2768] 2025/04/21 10:41:37.440 SKQuoteLib_GetBest5LONG ( 0 , 29090 )
[2768] 2025/04/21 10:41:37.606 SKQuoteLib_GetBest5LONG ( 0 , 29090 )
[2768] 2025/04/21 10:41:37.647 SKQuoteLib_GetBest5LONG ( 0 , 29090 )
[2768] 2025/04/21 10:41:37.997 SKQuoteLib_GetBest5LONG ( 0 , 29090 )
[2768] 2025/04/21 10:41:39.706 SKQuoteLib_GetBest5LONG ( 0 , 29090 )
[2768] 2025/04/21 10:41:39.774 SKQuoteLib_GetBest5LONG ( 0 , 29090 )
[2768] 2025/04/21 10:41:39.809 SKQuoteLib_GetBest5LONG ( 0 , 29090 )
[2768] 2025/04/21 10:41:39.997 SKQuoteLib_GetBest5LONG ( 0 , 29090 )
[2768] 2025/04/21 10:41:40.101 SKQuoteLib_GetBest5LONG ( 0 , 29090 )
[2768] 2025/04/21 10:41:40.276 SKQuoteLib_GetBest5LONG ( 0 , 29090 )
[2768] 2025/04/21 10:41:41.959 SKQuoteLib_GetBest5LONG ( 0 , 29090 )
[2768] 2025/04/21 10:41:42.030 SKQuoteLib_GetBest5LONG ( 0 , 29090 )
[2768] 2025/04/21 10:41:42.280 SKQuoteLib_GetBest5LONG ( 0 , 29090 )
[2768] 2025/04/21 10:41:42.343 SKQuoteLib_GetBest5LONG ( 0 , 29090 )
[2768] 2025/04/21 10:41:43.040 SKQuoteLib_GetBest5LONG ( 0 , 29090 )
[2768] 2025/04/21 10:41:43.882 SKQuoteLib_GetBest5LONG ( 0 , 29090 )
[2768] 2025/04/21 10:41:44.767 SKQuoteLib_GetBest5LONG ( 0 , 29090 )
[2768] 2025/04/21 10:41:45.531 SKQuoteLib_GetBest5LONG ( 0 , 29090 )
[2768] 2025/04/21 10:41:45.863 SKQuoteLib_GetBest5LONG ( 0 , 29090 )
[2768] 2025/04/21 10:41:47.130 SKQuoteLib_GetBest5LONG ( 0 , 29090 )
[2768] 2025/04/21 10:41:47.751 SKQuoteLib_GetBest5LONG ( 0 , 29090 )
[2768] 2025/04/21 10:41:47.791 SKQuoteLib_GetBest5LONG ( 0 , 29090 )
[2768] 2025/04/21 10:41:48.346 SKQuoteLib_GetBest5LONG ( 0 , 29090 )
[2768] 2025/04/21 10:41:48.579 SKQuoteLib_GetBest5LONG ( 0 , 29090 )
[2768] 2025/04/21 10:41:48.754 SKQuoteLib_GetBest5LONG ( 0 , 29090 )
[2768] 2025/04/21 10:41:48.939 SKQuoteLib_GetBest5LONG ( 0 , 29090 )
[2768] 2025/04/21 10:41:49.176 SKQuoteLib_GetBest5LONG ( 0 , 29090 )
[2768] 2025/04/21 10:41:49.269 SKQuoteLib_GetBest5LONG ( 0 , 29090 )
[2768] 2025/04/21 10:41:49.623 SKQuoteLib_GetBest5LONG ( 0 , 29090 )
[2768] 2025/04/21 10:41:49.718 SKQuoteLib_GetBest5LONG ( 0 , 29090 )
[2768] 2025/04/21 10:41:50.041 SKQuoteLib_GetBest5LONG ( 0 , 29090 )
[2768] 2025/04/21 10:41:50.380 SKQuoteLib_GetBest5LONG ( 0 , 29090 )
[2768] 2025/04/21 10:41:50.520 SKQuoteLib_GetBest5LONG ( 0 , 29090 )
[2768] 2025/04/21 10:41:50.838 SKQuoteLib_GetBest5LONG ( 0 , 29090 )
[2768] 2025/04/21 10:41:50.941 SKQuoteLib_GetBest5LONG ( 0 , 29090 )
[2768] 2025/04/21 10:41:51.514 SKQuoteLib_GetBest5LONG ( 0 , 29090 )
[2768] 2025/04/21 10:41:51.786 SKQuoteLib_GetBest5LONG ( 0 , 29090 )
[2768] 2025/04/21 10:41:52.666 SKQuoteLib_GetBest5LONG ( 0 , 29090 )
[2768] 2025/04/21 10:41:52.724 SKQuoteLib_GetBest5LONG ( 0 , 29090 )
[2768] 2025/04/21 10:41:53.003 SKQuoteLib_GetBest5LONG ( 0 , 29090 )
[2768] 2025/04/21 10:41:54.299 SKQuoteLib_GetBest5LONG ( 0 , 29090 )
[2768] 2025/04/21 10:41:54.412 SKQuoteLib_GetBest5LONG ( 0 , 29090 )
[2768] 2025/04/21 10:41:54.494 SKQuoteLib_GetBest5LONG ( 0 , 29090 )
[2768] 2025/04/21 10:41:54.515 SKQuoteLib_GetBest5LONG ( 0 , 29090 )
[2768] 2025/04/21 10:41:54.556 SKQuoteLib_GetBest5LONG ( 0 , 29090 )
[2768] 2025/04/21 10:41:54.965 SKQuoteLib_GetBest5LONG ( 0 , 29090 )
[2768] 2025/04/21 10:41:55.602 SKQuoteLib_GetBest5LONG ( 0 , 29090 )
[2768] 2025/04/21 10:41:55.729 SKQuoteLib_GetBest5LONG ( 0 , 29090 )
[2768] 2025/04/21 10:41:55.812 SKQuoteLib_GetBest5LONG ( 0 , 29090 )
[2768] 2025/04/21 10:41:55.980 SKQuoteLib_GetBest5LONG ( 0 , 29090 )
[2768] 2025/04/21 10:41:56.067 SKQuoteLib_GetBest5LONG ( 0 , 29090 )
[2768] 2025/04/21 10:41:56.151 SKQuoteLib_GetBest5LONG ( 0 , 29090 )
[2768] 2025/04/21 10:41:56.367 SKQuoteLib_GetBest5LONG ( 0 , 29090 )
[2768] 2025/04/21 10:41:56.982 SKQuoteLib_GetBest5LONG ( 0 , 29090 )
[2768] 2025/04/21 10:41:57.054 SKQuoteLib_GetBest5LONG ( 0 , 29090 )
[2768] 2025/04/21 10:41:57.343 SKQuoteLib_GetBest5LONG ( 0 , 29090 )
[2768] 2025/04/21 10:41:57.367 SKQuoteLib_GetBest5LONG ( 0 , 29090 )
[2768] 2025/04/21 10:41:57.406 SKQuoteLib_GetBest5LONG ( 0 , 29090 )
[2768] 2025/04/21 10:41:57.508 SKQuoteLib_GetBest5LONG ( 0 , 29090 )
[2768] 2025/04/21 10:41:57.803 SKQuoteLib_GetBest5LONG ( 0 , 29090 )
[2768] 2025/04/21 10:41:58.037 SKQuoteLib_GetBest5LONG ( 0 , 29090 )
[2768] 2025/04/21 10:41:58.060 SKQuoteLib_GetBest5LONG ( 0 , 29090 )
[2768] 2025/04/21 10:41:58.108 SKQuoteLib_GetBest5LONG ( 0 , 29090 )
[2768] 2025/04/21 10:41:58.276 SKQuoteLib_GetBest5LONG ( 0 , 29090 )
[2768] 2025/04/21 10:41:58.318 SKQuoteLib_GetBest5LONG ( 0 , 29090 )
[2768] 2025/04/21 10:41:58.356 SKQuoteLib_GetBest5LONG ( 0 , 29090 )
[2768] 2025/04/21 10:41:58.407 SKQuoteLib_GetBest5LONG ( 0 , 29090 )
[2768] 2025/04/21 10:41:58.580 SKQuoteLib_GetBest5LONG ( 0 , 29090 )
[2768] 2025/04/21 10:41:58.636 SKQuoteLib_GetBest5LONG ( 0 , 29090 )
[2768] 2025/04/21 10:41:58.783 SKQuoteLib_GetBest5LONG ( 0 , 29090 )
[2768] 2025/04/21 10:41:59.103 SKQuoteLib_GetBest5LONG ( 0 , 29090 )
[2768] 2025/04/21 10:41:59.567 SKQuoteLib_GetBest5LONG ( 0 , 29090 )
[2768] 2025/04/21 10:41:59.607 SKQuoteLib_GetBest5LONG ( 0 , 29090 )
[2768] 2025/04/21 10:41:59.706 SKQuoteLib_GetBest5LONG ( 0 , 29090 )
[2768] 2025/04/21 10:41:59.865 SKQuoteLib_GetBest5LONG ( 0 , 29090 )
[2768] 2025/04/21 10:41:59.906 SKQuoteLib_GetBest5LONG ( 0 , 29090 )
[2768] 2025/04/21 10:42:00.391 SKQuoteLib_GetBest5LONG ( 0 , 29090 )
[2768] 2025/04/21 10:42:01.180 SKQuoteLib_GetBest5LONG ( 0 , 29090 )
[2768] 2025/04/21 10:42:01.190 SKQuoteLib_GetBest5LONG ( 0 , 29090 )
[2768] 2025/04/21 10:42:01.409 SKQuoteLib_GetBest5LONG ( 0 , 29090 )
[2768] 2025/04/21 10:42:01.621 SKQuoteLib_GetBest5LONG ( 0 , 29090 )
[2768] 2025/04/21 10:42:01.705 SKQuoteLib_GetBest5LONG ( 0 , 29090 )
[2768] 2025/04/21 10:42:02.043 SKQuoteLib_GetBest5LONG ( 0 , 29090 )
[2768] 2025/04/21 10:42:02.075 SKQuoteLib_GetBest5LONG ( 0 , 29090 )
[2768] 2025/04/21 10:42:02.156 SKQuoteLib_GetBest5LONG ( 0 , 29090 )
[2768] 2025/04/21 10:42:02.951 SKQuoteLib_GetBest5LONG ( 0 , 29090 )
[2768] 2025/04/21 10:42:02.961 SKQuoteLib_GetBest5LONG ( 0 , 29090 )
[2768] 2025/04/21 10:42:03.391 SKQuoteLib_GetBest5LONG ( 0 , 29090 )
[2768] 2025/04/21 10:42:03.770 SKQuoteLib_GetBest5LONG ( 0 , 29090 )
[2768] 2025/04/21 10:42:03.806 SKQuoteLib_GetBest5LONG ( 0 , 29090 )
[2768] 2025/04/21 10:42:03.894 SKQuoteLib_GetBest5LONG ( 0 , 29090 )
[2768] 2025/04/21 10:42:03.906 SKQuoteLib_GetBest5LONG ( 0 , 29090 )
[2768] 2025/04/21 10:42:04.914 SKQuoteLib_GetBest5LONG ( 0 , 29090 )
[2768] 2025/04/21 10:42:04.956 SKQuoteLib_GetBest5LONG ( 0 , 29090 )
[2768] 2025/04/21 10:42:05.012 SKQuoteLib_GetBest5LONG ( 0 , 29090 )
[2768] 2025/04/21 10:42:05.084 SKQuoteLib_GetBest5LONG ( 0 , 29090 )
[2768] 2025/04/21 10:42:05.354 SKQuoteLib_GetBest5LONG ( 0 , 29090 )
[2768] 2025/04/21 10:42:05.629 SKQuoteLib_GetBest5LONG ( 0 , 29090 )
[2768] 2025/04/21 10:42:06.120 SKQuoteLib_GetBest5LONG ( 0 , 29090 )
[2768] 2025/04/21 10:42:06.395 SKQuoteLib_GetBest5LONG ( 0 , 29090 )
[2768] 2025/04/21 10:42:06.408 SKQuoteLib_GetBest5LONG ( 0 , 29090 )
[2768] 2025/04/21 10:42:06.548 SKQuoteLib_GetBest5LONG ( 0 , 29090 )
[2768] 2025/04/21 10:42:06.652 SKQuoteLib_GetBest5LONG ( 0 , 29090 )
[2768] 2025/04/21 10:42:06.946 SKQuoteLib_GetBest5LONG ( 0 , 29090 )
[2768] 2025/04/21 10:42:07.033 SKQuoteLib_GetBest5LONG ( 0 , 29090 )
[2768] 2025/04/21 10:42:07.340 SKQuoteLib_GetBest5LONG ( 0 , 29090 )
[2768] 2025/04/21 10:42:08.103 SKQuoteLib_GetBest5LONG ( 0 , 29090 )
[2768] 2025/04/21 10:42:08.235 SKQuoteLib_GetBest5LONG ( 0 , 29090 )
[2768] 2025/04/21 10:42:08.494 SKQuoteLib_GetBest5LONG ( 0 , 29090 )
[2768] 2025/04/21 10:42:08.904 SKQuoteLib_GetBest5LONG ( 0 , 29090 )
[2768] 2025/04/21 10:42:09.004 SKQuoteLib_GetBest5LONG ( 0 , 29090 )
[2768] 2025/04/21 10:42:09.108 SKQuoteLib_GetBest5LONG ( 0 , 29090 )
[2768] 2025/04/21 10:42:09.143 SKQuoteLib_GetBest5LONG ( 0 , 29090 )
[2768] 2025/04/21 10:42:09.155 SKQuoteLib_GetBest5LONG ( 0 , 29090 )
[2768] 2025/04/21 10:42:09.578 SKQuoteLib_GetBest5LONG ( 0 , 29090 )
[2768] 2025/04/21 10:42:09.606 SKQuoteLib_GetBest5LONG ( 0 , 29090 )
[2768] 2025/04/21 10:42:09.939 SKQuoteLib_GetBest5LONG ( 0 , 29090 )
[2768] 2025/04/21 10:42:10.688 SKQuoteLib_GetBest5LONG ( 0 , 29090 )
[2768] 2025/04/21 10:42:11.163 SKQuoteLib_GetBest5LONG ( 0 , 29090 )
[2768] 2025/04/21 10:42:11.206 SKQuoteLib_GetBest5LONG ( 0 , 29090 )
[2768] 2025/04/21 10:42:11.398 SKQuoteLib_GetBest5LONG ( 0 , 29090 )
[2768] 2025/04/21 10:42:11.625 SKQuoteLib_GetBest5LONG ( 0 , 29090 )
[2768] 2025/04/21 10:42:11.656 SKQuoteLib_GetBest5LONG ( 0 , 29090 )
[2768] 2025/04/21 10:42:11.804 SKQuoteLib_GetBest5LONG ( 0 , 29090 )
[2768] 2025/04/21 10:42:12.162 SKQuoteLib_GetBest5LONG ( 0 , 29090 )
[2768] 2025/04/21 10:42:12.553 SKQuoteLib_GetBest5LONG ( 0 , 29090 )
[2768] 2025/04/21 10:42:13.360 SKQuoteLib_GetBest5LONG ( 0 , 29090 )
[2768] 2025/04/21 10:42:13.488 SKQuoteLib_GetBest5LONG ( 0 , 29090 )
[2768] 2025/04/21 10:42:13.698 SKQuoteLib_GetBest5LONG ( 0 , 29090 )
[2768] 2025/04/21 10:42:14.534 SKQuoteLib_GetBest5LONG ( 0 , 29090 )
[2768] 2025/04/21 10:42:14.665 SKQuoteLib_GetBest5LONG ( 0 , 29090 )
[2768] 2025/04/21 10:42:14.711 SKQuoteLib_GetBest5LONG ( 0 , 29090 )
[2768] 2025/04/21 10:42:14.944 SKQuoteLib_GetBest5LONG ( 0 , 29090 )
[2768] 2025/04/21 10:42:14.991 SKQuoteLib_GetBest5LONG ( 0 , 29090 )
[2768] 2025/04/21 10:42:15.852 SKQuoteLib_GetBest5LONG ( 0 , 29090 )
[2768] 2025/04/21 10:42:16.390 SKQuoteLib_GetBest5LONG ( 0 , 29090 )
[2768] 2025/04/21 10:42:16.897 SKQuoteLib_GetBest5LONG ( 0 , 29090 )
[2768] 2025/04/21 10:42:17.774 SKQuoteLib_GetBest5LONG ( 0 , 29090 )
[2768] 2025/04/21 10:42:18.531 SKQuoteLib_GetBest5LONG ( 0 , 29090 )
[2768] 2025/04/21 10:42:18.733 SKQuoteLib_GetBest5LONG ( 0 , 29090 )
[2768] 2025/04/21 10:42:19.350 SKQuoteLib_GetBest5LONG ( 0 , 29090 )
[2768] 2025/04/21 10:42:19.432 SKQuoteLib_GetBest5LONG ( 0 , 29090 )
[2768] 2025/04/21 10:42:19.704 SKQuoteLib_GetBest5LONG ( 0 , 29090 )
[2768] 2025/04/21 10:42:19.785 SKQuoteLib_GetBest5LONG ( 0 , 29090 )
[2768] 2025/04/21 10:42:20.136 SKQuoteLib_GetBest5LONG ( 0 , 29090 )
[2768] 2025/04/21 10:42:20.986 SKQuoteLib_GetBest5LONG ( 0 , 29090 )
[2768] 2025/04/21 10:42:22.083 SKQuoteLib_GetBest5LONG ( 0 , 29090 )
[2768] 2025/04/21 10:42:22.117 SKQuoteLib_GetBest5LONG ( 0 , 29090 )
[2768] 2025/04/21 10:42:22.156 SKQuoteLib_GetBest5LONG ( 0 , 29090 )
[2768] 2025/04/21 10:42:22.214 SKQuoteLib_GetBest5LONG ( 0 , 29090 )
[2768] 2025/04/21 10:42:22.288 SKQuoteLib_GetBest5LONG ( 0 , 29090 )
[2768] 2025/04/21 10:42:22.465 SKQuoteLib_GetBest5LONG ( 0 , 29090 )
[2768] 2025/04/21 10:42:22.519 SKQuoteLib_GetBest5LONG ( 0 , 29090 )
[2768] 2025/04/21 10:42:22.555 SKQuoteLib_GetBest5LONG ( 0 , 29090 )
[2768] 2025/04/21 10:42:22.725 SKQuoteLib_GetBest5LONG ( 0 , 29090 )
[2768] 2025/04/21 10:42:23.034 SKQuoteLib_GetBest5LONG ( 0 , 29090 )
[2768] 2025/04/21 10:42:23.795 SKQuoteLib_GetBest5LONG ( 0 , 29090 )
[2768] 2025/04/21 10:42:23.826 SKQuoteLib_GetBest5LONG ( 0 , 29090 )
[2768] 2025/04/21 10:42:23.856 SKQuoteLib_GetBest5LONG ( 0 , 29090 )
[2768] 2025/04/21 10:42:23.976 SKQuoteLib_GetBest5LONG ( 0 , 29090 )
[2768] 2025/04/21 10:42:24.218 SKQuoteLib_GetBest5LONG ( 0 , 29090 )
[2768] 2025/04/21 10:42:24.263 SKQuoteLib_GetBest5LONG ( 0 , 29090 )
[2768] 2025/04/21 10:42:24.521 SKQuoteLib_GetBest5LONG ( 0 , 29090 )
[2768] 2025/04/21 10:42:25.241 SKQuoteLib_GetBest5LONG ( 0 , 29090 )
[2768] 2025/04/21 10:42:25.407 SKQuoteLib_GetBest5LONG ( 0 , 29090 )
[2768] 2025/04/21 10:42:25.460 SKQuoteLib_GetBest5LONG ( 0 , 29090 )
[2768] 2025/04/21 10:42:25.511 SKQuoteLib_GetBest5LONG ( 0 , 29090 )
[2768] 2025/04/21 10:42:25.594 SKQuoteLib_GetBest5LONG ( 0 , 29090 )
[2768] 2025/04/21 10:42:25.769 SKQuoteLib_GetBest5LONG ( 0 , 29090 )
[2768] 2025/04/21 10:42:26.502 SKQuoteLib_GetBest5LONG ( 0 , 29090 )
[2768] 2025/04/21 10:42:26.820 SKQuoteLib_GetBest5LONG ( 0 , 29090 )
[2768] 2025/04/21 10:42:28.409 SKQuoteLib_GetBest5LONG ( 0 , 29090 )
[2768] 2025/04/21 10:42:28.951 SKQuoteLib_GetBest5LONG ( 0 , 29090 )
[2768] 2025/04/21 10:42:29.435 SKQuoteLib_GetBest5LONG ( 0 , 29090 )
[2768] 2025/04/21 10:42:29.534 SKQuoteLib_GetBest5LONG ( 0 , 29090 )
[2768] 2025/04/21 10:42:29.789 SKQuoteLib_GetBest5LONG ( 0 , 29090 )
[2768] 2025/04/21 10:42:29.994 SKQuoteLib_GetBest5LONG ( 0 , 29090 )
[2768] 2025/04/21 10:42:30.087 SKQuoteLib_GetBest5LONG ( 0 , 29090 )
[2768] 2025/04/21 10:42:30.485 SKQuoteLib_GetBest5LONG ( 0 , 29090 )
[2768] 2025/04/21 10:42:31.286 SKQuoteLib_GetBest5LONG ( 0 , 29090 )
[2768] 2025/04/21 10:42:31.409 SKQuoteLib_GetBest5LONG ( 0 , 29090 )
[2768] 2025/04/21 10:42:31.861 SKQuoteLib_GetBest5LONG ( 0 , 29090 )
[2768] 2025/04/21 10:42:31.961 SKQuoteLib_GetBest5LONG ( 0 , 29090 )
[2768] 2025/04/21 10:42:32.064 SKQuoteLib_GetBest5LONG ( 0 , 29090 )
[2768] 2025/04/21 10:42:32.170 SKQuoteLib_GetBest5LONG ( 0 , 29090 )
[2768] 2025/04/21 10:42:32.788 SKQuoteLib_GetBest5LONG ( 0 , 29090 )
[2768] 2025/04/21 10:42:32.912 SKQuoteLib_GetBest5LONG ( 0 , 29090 )
[2768] 2025/04/21 10:42:33.189 SKQuoteLib_GetBest5LONG ( 0 , 29090 )
[2768] 2025/04/21 10:42:33.389 SKQuoteLib_GetBest5LONG ( 0 , 29090 )
[2768] 2025/04/21 10:42:33.518 SKQuoteLib_GetBest5LONG ( 0 , 29090 )
[2768] 2025/04/21 10:42:33.618 SKQuoteLib_GetBest5LONG ( 0 , 29090 )
[2768] 2025/04/21 10:42:34.073 SKQuoteLib_GetBest5LONG ( 0 , 29090 )
[2768] 2025/04/21 10:42:34.599 SKQuoteLib_GetBest5LONG ( 0 , 29090 )
[2768] 2025/04/21 10:42:34.704 SKQuoteLib_GetBest5LONG ( 0 , 29090 )
[2768] 2025/04/21 10:42:34.947 SKQuoteLib_GetBest5LONG ( 0 , 29090 )
[2768] 2025/04/21 10:42:35.224 SKQuoteLib_GetBest5LONG ( 0 , 29090 )
[2768] 2025/04/21 10:42:35.348 SKQuoteLib_GetBest5LONG ( 0 , 29090 )
[2768] 2025/04/21 10:42:35.608 SKQuoteLib_GetBest5LONG ( 0 , 29090 )
[2768] 2025/04/21 10:42:35.876 SKQuoteLib_GetBest5LONG ( 0 , 29090 )
[2768] 2025/04/21 10:42:36.107 SKQuoteLib_GetBest5LONG ( 0 , 29090 )
[2768] 2025/04/21 10:42:37.158 SKQuoteLib_GetBest5LONG ( 0 , 29090 )
[2768] 2025/04/21 10:42:37.510 SKQuoteLib_GetBest5LONG ( 0 , 29090 )
[2768] 2025/04/21 10:42:37.613 SKQuoteLib_GetBest5LONG ( 0 , 29090 )
[2768] 2025/04/21 10:42:37.893 SKQuoteLib_GetBest5LONG ( 0 , 29090 )
[2768] 2025/04/21 10:42:38.259 SKQuoteLib_GetBest5LONG ( 0 , 29090 )
[2768] 2025/04/21 10:42:38.427 SKQuoteLib_GetBest5LONG ( 0 , 29090 )
[2768] 2025/04/21 10:42:38.575 SKQuoteLib_GetBest5LONG ( 0 , 29090 )
[2768] 2025/04/21 10:42:38.677 SKQuoteLib_GetBest5LONG ( 0 , 29090 )
[2768] 2025/04/21 10:42:39.245 SKQuoteLib_GetBest5LONG ( 0 , 29090 )
[2768] 2025/04/21 10:42:39.483 SKQuoteLib_GetBest5LONG ( 0 , 29090 )
[2768] 2025/04/21 10:42:39.725 SKQuoteLib_GetBest5LONG ( 0 , 29090 )
[2768] 2025/04/21 10:42:39.881 SKQuoteLib_GetBest5LONG ( 0 , 29090 )
[2768] 2025/04/21 10:42:40.212 SKQuoteLib_GetBest5LONG ( 0 , 29090 )
