-----------------------------------------------------------------
[2912] 2025/04/19 22:27:43.377 Login ID: R124457999
[2912] 2025/04/19 22:27:43.377 Version¡G2.13.53
[2912] 2025/04/19 22:27:43.377 SKCOMBit¡Gx86
[2912] 2025/04/19 22:27:44.041 Login Code: 0
[2912] 2025/04/19 22:27:44.899 Client Host Name:DESKTOP-NHTU92M,ClientIP:192.168.1.109
[8288] 2025/04/19 22:32:44.326 Login ID: R124457999
[8288] 2025/04/19 22:32:44.327 Version¡G2.13.53
[8288] 2025/04/19 22:32:44.327 SKCOMBit¡Gx86
[8288] 2025/04/19 22:32:44.912 Login Code: 0
[8288] 2025/04/19 22:32:45.631 Client Host Name:DESKTOP-NHTU92M,ClientIP:192.168.1.109
[1368] 2025/04/19 23:12:25.422 Login ID: R124457999
[1368] 2025/04/19 23:12:25.422 Version¡G2.13.53
[1368] 2025/04/19 23:12:25.424 SKCOMBit¡Gx86
[1368] 2025/04/19 23:12:26.086 Login Code: 0
[1368] 2025/04/19 23:12:26.861 Client Host Name:DESKTOP-NHTU92M,ClientIP:192.168.1.109
[7868] 2025/04/20 12:36:54.457 Login ID: R124457999
[7868] 2025/04/20 12:36:54.457 Version¡G2.13.53
[7868] 2025/04/20 12:36:54.458 SKCOMBit¡Gx86
[7868] 2025/04/20 12:36:55.355 Login Code: 0
[7868] 2025/04/20 12:36:56.187 Client Host Name:DESKTOP-NHTU92M,ClientIP:192.168.1.109
[2788] 2025/04/20 18:40:37.628 Login ID: R124457999
[2788] 2025/04/20 18:40:37.629 Version¡G2.13.53
[2788] 2025/04/20 18:40:37.629 SKCOMBit¡Gx86
[2788] 2025/04/20 18:40:38.261 Login Code: 0
[2788] 2025/04/20 18:40:39.061 Client Host Name:DESKTOP-NHTU92M,ClientIP:192.168.1.109
[7260] 2025/04/20 22:53:01.817 Login ID: R124457999
[7260] 2025/04/20 22:53:01.817 Version¡G2.13.53
[7260] 2025/04/20 22:53:01.817 SKCOMBit¡Gx86
[7260] 2025/04/20 22:53:02.605 Login Code: 0
[7260] 2025/04/20 22:53:03.457 Client Host Name:DESKTOP-NHTU92M,ClientIP:192.168.1.109
[4904] 2025/04/21 03:31:27.284 Login ID: R124457999
[4904] 2025/04/21 03:31:27.285 Version¡G2.13.53
[4904] 2025/04/21 03:31:27.285 SKCOMBit¡Gx86
[4904] 2025/04/21 03:31:38.607 Login ID: R124457999
[4904] 2025/04/21 03:31:38.607 Version¡G2.13.53
[4904] 2025/04/21 03:31:38.607 SKCOMBit¡Gx86
[4904] 2025/04/21 03:31:39.116 Login Code: 0
[4904] 2025/04/21 03:31:39.920 Client Host Name:DESKTOP-NHTU92M,ClientIP:192.168.1.109
[860] 2025/04/21 04:19:09.439 Login ID: R124457999
[860] 2025/04/21 04:19:09.439 Version¡G2.13.53
[860] 2025/04/21 04:19:09.439 SKCOMBit¡Gx86
[860] 2025/04/21 04:19:10.249 Login Code: 0
[860] 2025/04/21 04:19:11.128 Client Host Name:DESKTOP-NHTU92M,ClientIP:192.168.1.109
[2768] 2025/04/21 10:38:07.046 Login ID: R124457999
[2768] 2025/04/21 10:38:07.047 Version¡G2.13.53
[2768] 2025/04/21 10:38:07.047 SKCOMBit¡Gx86
[2768] 2025/04/21 10:38:07.624 Login Code: 0
[2768] 2025/04/21 10:38:08.446 Client Host Name:DESKTOP-NHTU92M,ClientIP:192.168.1.109
[6520] 2025/04/22 05:51:45.271 Login ID: R124457999
[6520] 2025/04/22 05:51:45.271 Version¡G2.13.53
[6520] 2025/04/22 05:51:45.272 SKCOMBit¡Gx86
[6520] 2025/04/22 05:51:46.453 Login Code: 0
[6520] 2025/04/22 05:51:47.301 Client Host Name:DESKTOP-NHTU92M,ClientIP:192.168.1.109
[1484] 2025/04/22 06:17:00.479 Login ID: R124457999
[1484] 2025/04/22 06:17:00.479 Version¡G2.13.53
[1484] 2025/04/22 06:17:00.480 SKCOMBit¡Gx86
[1484] 2025/04/22 06:17:15.199 Login ID: R124457999
[1484] 2025/04/22 06:17:15.200 Version¡G2.13.53
[1484] 2025/04/22 06:17:15.200 SKCOMBit¡Gx86
[1484] 2025/04/22 06:17:25.514 Login ID: R124457999
[1484] 2025/04/22 06:17:25.514 Version¡G2.13.53
[1484] 2025/04/22 06:17:25.515 SKCOMBit¡Gx86
[7892] 2025/04/22 06:18:05.467 Login ID: R124457999
[7892] 2025/04/22 06:18:05.467 Version¡G2.13.53
[7892] 2025/04/22 06:18:05.467 SKCOMBit¡Gx86
[7892] 2025/04/22 06:18:21.328 Login ID: R124457999
[7892] 2025/04/22 06:18:21.328 Version¡G2.13.53
[7892] 2025/04/22 06:18:21.328 SKCOMBit¡Gx86
[7892] 2025/04/22 06:20:29.165 Login ID: R124457999
[7892] 2025/04/22 06:20:29.166 Version¡G2.13.53
[7892] 2025/04/22 06:20:29.166 SKCOMBit¡Gx86
[7892] 2025/04/22 06:20:29.655 Login Code: 0
[7892] 2025/04/22 06:20:30.406 Client Host Name:DESKTOP-NHTU92M,ClientIP:192.168.1.109
[12244] 2025/04/22 16:29:19.878 Login ID: R124457999
[12244] 2025/04/22 16:29:19.878 Version¡G2.13.53
[12244] 2025/04/22 16:29:19.879 SKCOMBit¡Gx86
[12244] 2025/04/22 16:29:20.649 Login Code: 0
[12244] 2025/04/22 16:29:21.477 Client Host Name:DESKTOP-NHTU92M,ClientIP:192.168.1.109
[9856] 2025/04/22 16:31:56.280 Login ID: R124457999
[9856] 2025/04/22 16:31:56.281 Version¡G2.13.53
[9856] 2025/04/22 16:31:56.281 SKCOMBit¡Gx86
[9856] 2025/04/22 16:31:57.326 Login Code: 0
[9856] 2025/04/22 16:31:58.234 Client Host Name:DESKTOP-NHTU92M,ClientIP:192.168.1.109
[1796] 2025/04/22 17:27:14.949 Login ID: R124457999
[1796] 2025/04/22 17:27:14.949 Version¡G2.13.53
[1796] 2025/04/22 17:27:14.949 SKCOMBit¡Gx86
[1796] 2025/04/22 17:27:15.830 Login Code: 0
[1796] 2025/04/22 17:27:16.770 Client Host Name:DESKTOP-NHTU92M,ClientIP:192.168.1.109
[4316] 2025/04/22 17:44:02.578 Login ID: R124457999
[4316] 2025/04/22 17:44:02.579 Version¡G2.13.53
[4316] 2025/04/22 17:44:02.579 SKCOMBit¡Gx86
[4316] 2025/04/22 17:44:03.441 Login Code: 0
[4316] 2025/04/22 17:44:04.370 Client Host Name:DESKTOP-NHTU92M,ClientIP:192.168.1.109
[10904] 2025/04/25 16:02:47.001 Login ID: R124457999
[10904] 2025/04/25 16:02:47.002 Version¡G2.13.53
[10904] 2025/04/25 16:02:47.002 SKCOMBit¡Gx86
[10904] 2025/04/25 16:02:49.110 Login Code: 0
[10904] 2025/04/25 16:02:50.707 Client Host Name:DESKTOP-NHTU92M,ClientIP:192.168.1.109
[8720] 2025/04/25 16:13:03.377 Login ID: R124457999
[8720] 2025/04/25 16:13:03.377 Version¡G2.13.53
[8720] 2025/04/25 16:13:03.377 SKCOMBit¡Gx86
[8720] 2025/04/25 16:13:04.278 Login Code: 0
[8720] 2025/04/25 16:13:05.637 Client Host Name:DESKTOP-NHTU92M,ClientIP:192.168.1.109
[12216] 2025/04/26 18:03:57.433 Login ID: R124457999
[12216] 2025/04/26 18:03:57.433 Version¡G2.13.53
[12216] 2025/04/26 18:03:57.433 SKCOMBit¡Gx86
[12216] 2025/04/26 18:03:58.357 Login Code: 0
[12216] 2025/04/26 18:03:59.720 Client Host Name:DESKTOP-NHTU92M,ClientIP:192.168.1.109
[12804] 2025/04/28 22:37:01.277 Login ID: R124457999
[12804] 2025/04/28 22:37:01.277 Version¡G2.13.53
[12804] 2025/04/28 22:37:01.278 SKCOMBit¡Gx86
[12804] 2025/04/28 22:37:01.950 Login Code: 0
[12804] 2025/04/28 22:37:02.786 Client Host Name:DESKTOP-NHTU92M,ClientIP:192.168.1.109
